[2026-05-01 10:04:08] [INFO] [ShopBot] 配置已加载 - 设备: 127.0.0.1:5555, 截图: ADB, 控制: ADB
[2026-05-01 10:04:08] [INFO] [ShopBot] 购买列表 - 书签: True, 神秘奖章: True, 装备: False, 狗粮: False
[2026-05-01 10:04:08] [INFO] [ShopBot] 刷新上限: 200, 天空石阈值: 0, 金币阈值: 0
[2026-05-01 10:04:08] [INFO] [ShopBot] 正在连接设备 127.0.0.1:5555（第 1/3 次）
[2026-05-01 10:04:08] [INFO] [ShopBot] ShopBot 已启动
[2026-05-01 10:04:08] [ERROR] [ShopBot] 连接失败（第 1/3 次）: [WinError 2] 系统找不到指定的文件。
[2026-05-01 10:04:08] [INFO] [ShopBot] 等待 5.0 秒后重试...
[2026-05-01 10:04:13] [INFO] [ShopBot] 正在连接设备 127.0.0.1:5555（第 2/3 次）
[2026-05-01 10:04:13] [ERROR] [ShopBot] 连接失败（第 2/3 次）: [WinError 2] 系统找不到指定的文件。
[2026-05-01 10:04:13] [INFO] [ShopBot] 等待 5.0 秒后重试...
[2026-05-01 10:04:18] [INFO] [ShopBot] 正在连接设备 127.0.0.1:5555（第 3/3 次）
[2026-05-01 10:04:18] [ERROR] [ShopBot] 连接失败（第 3/3 次）: [WinError 2] 系统找不到指定的文件。
[2026-05-01 10:04:18] [ERROR] [ShopBot] 设备连接失败，已重试 3 次: 127.0.0.1:5555
[2026-05-01 10:04:18] [ERROR] [ShopBot] 设备连接失败，终止运行
[2026-05-01 10:04:18] [INFO] [ShopBot] ========== 运行统计 ==========
[2026-05-01 10:04:18] [INFO] [ShopBot] 总刷新次数: 0
[2026-05-01 10:04:18] [INFO] [ShopBot] 购买书签: 0
[2026-05-01 10:04:18] [INFO] [ShopBot] 购买神秘奖章: 0
[2026-05-01 10:04:18] [INFO] [ShopBot] 购买装备: 0
[2026-05-01 10:04:18] [INFO] [ShopBot] 天空石消耗: 0
[2026-05-01 10:04:18] [INFO] [ShopBot] 天空石余量: 0
[2026-05-01 10:04:18] [INFO] [ShopBot] ==============================
[2026-05-01 10:04:18] [INFO] [ShopBot] ShopBot 已停止
[2026-05-01 10:04:18] [INFO] [ShopBot] 程序退出
[2026-05-01 10:20:07] [INFO] [ShopBot] 配置已加载 - 设备: 127.0.0.1:5555, 截图: ADB, 控制: ADB
[2026-05-01 10:20:07] [INFO] [ShopBot] 购买列表 - 书签: True, 神秘奖章: True, 装备: False, 狗粮: False
[2026-05-01 10:20:07] [INFO] [ShopBot] 刷新上限: 200, 天空石阈值: 0, 金币阈值: 0
[2026-05-01 10:20:07] [INFO] [ShopBot] 正在连接设备 127.0.0.1:5555（第 1/3 次）
[2026-05-01 10:20:07] [INFO] [ShopBot] ShopBot 已启动
[2026-05-01 10:20:07] [ERROR] [ShopBot] 连接失败（第 1/3 次）: [WinError 2] 系统找不到指定的文件。
[2026-05-01 10:20:07] [INFO] [ShopBot] 等待 5.0 秒后重试...
[2026-05-01 10:20:12] [INFO] [ShopBot] 正在连接设备 127.0.0.1:5555（第 2/3 次）
[2026-05-01 10:20:12] [ERROR] [ShopBot] 连接失败（第 2/3 次）: [WinError 2] 系统找不到指定的文件。
[2026-05-01 10:20:12] [INFO] [ShopBot] 等待 5.0 秒后重试...
[2026-05-01 10:20:17] [INFO] [ShopBot] 正在连接设备 127.0.0.1:5555（第 3/3 次）
[2026-05-01 10:20:17] [ERROR] [ShopBot] 连接失败（第 3/3 次）: [WinError 2] 系统找不到指定的文件。
[2026-05-01 10:20:17] [ERROR] [ShopBot] 设备连接失败，已重试 3 次: 127.0.0.1:5555
[2026-05-01 10:20:17] [ERROR] [ShopBot] 设备连接失败，终止运行
[2026-05-01 10:20:17] [INFO] [ShopBot] ========== 运行统计 ==========
[2026-05-01 10:20:17] [INFO] [ShopBot] 总刷新次数: 0
[2026-05-01 10:20:17] [INFO] [ShopBot] 购买书签: 0
[2026-05-01 10:20:17] [INFO] [ShopBot] 购买神秘奖章: 0
[2026-05-01 10:20:17] [INFO] [ShopBot] 购买装备: 0
[2026-05-01 10:20:17] [INFO] [ShopBot] 天空石消耗: 0
[2026-05-01 10:20:17] [INFO] [ShopBot] 天空石余量: 0
[2026-05-01 10:20:17] [INFO] [ShopBot] ==============================
[2026-05-01 10:20:17] [INFO] [ShopBot] ShopBot 已停止
[2026-05-01 10:20:17] [INFO] [ShopBot] 程序退出
[2026-05-01 11:29:50] [INFO] [ShopBot] 配置已加载 - 设备: 127.0.0.1:5555, 截图: ADB, 控制: ADB
[2026-05-01 11:29:50] [INFO] [ShopBot] 购买列表 - 书签: True, 神秘奖章: True, 装备: False, 狗粮: False
[2026-05-01 11:29:50] [INFO] [ShopBot] 刷新上限: 200, 天空石阈值: 0, 金币阈值: 0
[2026-05-01 11:29:50] [INFO] [ShopBot] 正在连接设备 127.0.0.1:5555（第 1/3 次）
[2026-05-01 11:29:50] [INFO] [ShopBot] ShopBot 已启动
[2026-05-01 11:29:50] [ERROR] [ShopBot] 连接失败（第 1/3 次）: [WinError 2] 系统找不到指定的文件。
[2026-05-01 11:29:50] [INFO] [ShopBot] 等待 5.0 秒后重试...
[2026-05-01 11:29:55] [INFO] [ShopBot] 正在连接设备 127.0.0.1:5555（第 2/3 次）
[2026-05-01 11:29:55] [ERROR] [ShopBot] 连接失败（第 2/3 次）: [WinError 2] 系统找不到指定的文件。
[2026-05-01 11:29:55] [INFO] [ShopBot] 等待 5.0 秒后重试...
[2026-05-01 11:30:00] [INFO] [ShopBot] 正在连接设备 127.0.0.1:5555（第 3/3 次）
[2026-05-01 11:30:00] [ERROR] [ShopBot] 连接失败（第 3/3 次）: [WinError 2] 系统找不到指定的文件。
[2026-05-01 11:30:00] [ERROR] [ShopBot] 设备连接失败，已重试 3 次: 127.0.0.1:5555
[2026-05-01 11:30:00] [ERROR] [ShopBot] 设备连接失败，终止运行
[2026-05-01 11:30:00] [INFO] [ShopBot] ========== 运行统计 ==========
[2026-05-01 11:30:00] [INFO] [ShopBot] 总刷新次数: 0
[2026-05-01 11:30:00] [INFO] [ShopBot] 购买书签: 0
[2026-05-01 11:30:00] [INFO] [ShopBot] 购买神秘奖章: 0
[2026-05-01 11:30:00] [INFO] [ShopBot] 购买装备: 0
[2026-05-01 11:30:00] [INFO] [ShopBot] 天空石消耗: 0
[2026-05-01 11:30:00] [INFO] [ShopBot] 天空石余量: 0
[2026-05-01 11:30:00] [INFO] [ShopBot] ==============================
[2026-05-01 11:30:00] [INFO] [ShopBot] ShopBot 已停止
[2026-05-01 11:30:00] [INFO] [ShopBot] 程序退出
[2026-05-01 11:33:11] [INFO] [ShopBot] 配置已加载 - 设备: 127.0.0.1:5555, 截图: ADB, 控制: ADB
[2026-05-01 11:33:11] [INFO] [ShopBot] 购买列表 - 书签: True, 神秘奖章: True, 装备: False, 狗粮: False
[2026-05-01 11:33:11] [INFO] [ShopBot] 刷新上限: 200, 天空石阈值: 0, 金币阈值: 0
[2026-05-01 11:33:11] [INFO] [ShopBot] 正在连接设备 127.0.0.1:5555（第 1/3 次）
[2026-05-01 11:33:11] [INFO] [ShopBot] ShopBot 已启动
[2026-05-01 11:33:11] [ERROR] [ShopBot] 连接失败（第 1/3 次）: [WinError 2] 系统找不到指定的文件。
[2026-05-01 11:33:11] [INFO] [ShopBot] 等待 5.0 秒后重试...
[2026-05-01 11:33:16] [INFO] [ShopBot] 正在连接设备 127.0.0.1:5555（第 2/3 次）
[2026-05-01 11:33:16] [ERROR] [ShopBot] 连接失败（第 2/3 次）: [WinError 2] 系统找不到指定的文件。
[2026-05-01 11:33:16] [INFO] [ShopBot] 等待 5.0 秒后重试...
[2026-05-01 11:33:21] [INFO] [ShopBot] 正在连接设备 127.0.0.1:5555（第 3/3 次）
[2026-05-01 11:33:21] [ERROR] [ShopBot] 连接失败（第 3/3 次）: [WinError 2] 系统找不到指定的文件。
[2026-05-01 11:33:21] [ERROR] [ShopBot] 设备连接失败，已重试 3 次: 127.0.0.1:5555
[2026-05-01 11:33:21] [ERROR] [ShopBot] 设备连接失败，终止运行
[2026-05-01 11:33:21] [INFO] [ShopBot] ========== 运行统计 ==========
[2026-05-01 11:33:21] [INFO] [ShopBot] 总刷新次数: 0
[2026-05-01 11:33:21] [INFO] [ShopBot] 购买书签: 0
[2026-05-01 11:33:21] [INFO] [ShopBot] 购买神秘奖章: 0
[2026-05-01 11:33:21] [INFO] [ShopBot] 购买装备: 0
[2026-05-01 11:33:21] [INFO] [ShopBot] 天空石消耗: 0
[2026-05-01 11:33:21] [INFO] [ShopBot] 天空石余量: 0
[2026-05-01 11:33:21] [INFO] [ShopBot] ==============================
[2026-05-01 11:33:21] [INFO] [ShopBot] ShopBot 已停止
[2026-05-01 11:33:21] [INFO] [ShopBot] 程序退出
[2026-05-01 11:34:38] [INFO] [ShopBot] 配置已加载 - 设备: 127.0.0.1:16384, 截图: ADB, 控制: ADB
[2026-05-01 11:34:38] [INFO] [ShopBot] 购买列表 - 书签: True, 神秘奖章: True, 装备: False, 狗粮: False
[2026-05-01 11:34:38] [INFO] [ShopBot] 刷新上限: 200, 天空石阈值: 0, 金币阈值: 0
[2026-05-01 11:34:38] [INFO] [ShopBot] 正在连接设备 127.0.0.1:16384（第 1/3 次）
[2026-05-01 11:34:38] [INFO] [ShopBot] ShopBot 已启动
[2026-05-01 11:34:38] [ERROR] [ShopBot] 连接失败（第 1/3 次）: [WinError 2] 系统找不到指定的文件。
[2026-05-01 11:34:38] [INFO] [ShopBot] 等待 5.0 秒后重试...
[2026-05-01 11:34:43] [INFO] [ShopBot] 正在连接设备 127.0.0.1:16384（第 2/3 次）
[2026-05-01 11:34:43] [ERROR] [ShopBot] 连接失败（第 2/3 次）: [WinError 2] 系统找不到指定的文件。
[2026-05-01 11:34:43] [INFO] [ShopBot] 等待 5.0 秒后重试...
[2026-05-01 11:34:48] [INFO] [ShopBot] 正在连接设备 127.0.0.1:16384（第 3/3 次）
[2026-05-01 11:34:48] [ERROR] [ShopBot] 连接失败（第 3/3 次）: [WinError 2] 系统找不到指定的文件。
[2026-05-01 11:34:48] [ERROR] [ShopBot] 设备连接失败，已重试 3 次: 127.0.0.1:16384
[2026-05-01 11:34:48] [ERROR] [ShopBot] 设备连接失败，终止运行
[2026-05-01 11:34:48] [INFO] [ShopBot] ========== 运行统计 ==========
[2026-05-01 11:34:48] [INFO] [ShopBot] 总刷新次数: 0
[2026-05-01 11:34:48] [INFO] [ShopBot] 购买书签: 0
[2026-05-01 11:34:48] [INFO] [ShopBot] 购买神秘奖章: 0
[2026-05-01 11:34:48] [INFO] [ShopBot] 购买装备: 0
[2026-05-01 11:34:48] [INFO] [ShopBot] 天空石消耗: 0
[2026-05-01 11:34:48] [INFO] [ShopBot] 天空石余量: 0
[2026-05-01 11:34:48] [INFO] [ShopBot] ==============================
[2026-05-01 11:34:48] [INFO] [ShopBot] ShopBot 已停止
[2026-05-01 11:34:48] [INFO] [ShopBot] 程序退出
[2026-05-01 11:35:43] [INFO] [ShopBot] 配置已加载 - 设备: 127.0.0.1:16384, 截图: ADB, 控制: ADB
[2026-05-01 11:35:43] [INFO] [ShopBot] 购买列表 - 书签: True, 神秘奖章: True, 装备: False, 狗粮: False
[2026-05-01 11:35:43] [INFO] [ShopBot] 刷新上限: 200, 天空石阈值: 0, 金币阈值: 0
[2026-05-01 11:35:43] [INFO] [ShopBot] 正在连接设备 127.0.0.1:16384（第 1/3 次）
[2026-05-01 11:35:43] [INFO] [ShopBot] ShopBot 已启动
[2026-05-01 11:35:43] [INFO] [ShopBot] 设备连接成功: 127.0.0.1:16384
[2026-05-01 11:35:43] [INFO] [ShopBot] 开始导航至秘密商店（超时 30.0s）
[2026-05-01 11:35:44] [INFO] [ShopBot] ========== 运行统计 ==========
[2026-05-01 11:35:44] [INFO] [ShopBot] 总刷新次数: 0
[2026-05-01 11:35:44] [INFO] [ShopBot] 购买书签: 0
[2026-05-01 11:35:44] [INFO] [ShopBot] 购买神秘奖章: 0
[2026-05-01 11:35:44] [INFO] [ShopBot] 购买装备: 0
[2026-05-01 11:35:44] [INFO] [ShopBot] 天空石消耗: 0
[2026-05-01 11:35:44] [INFO] [ShopBot] 天空石余量: 0
[2026-05-01 11:35:44] [INFO] [ShopBot] ==============================
[2026-05-01 11:35:44] [INFO] [ShopBot] ShopBot 已停止
[2026-05-01 11:35:44] [INFO] [ShopBot] 程序退出
[2026-05-01 12:03:51] [INFO] [ShopBot] 配置已加载 - 设备: 127.0.0.1:16384, 截图: ADB, 控制: ADB
[2026-05-01 12:03:51] [INFO] [ShopBot] 购买列表 - 书签: True, 神秘奖章: True, 装备: False, 狗粮: False
[2026-05-01 12:03:51] [INFO] [ShopBot] 刷新上限: 200, 天空石阈值: 0, 金币阈值: 0
[2026-05-01 12:03:51] [INFO] [ShopBot] 正在连接设备 127.0.0.1:16384（第 1/3 次）
[2026-05-01 12:03:51] [INFO] [ShopBot] ShopBot 已启动
[2026-05-01 12:03:51] [INFO] [ShopBot] 设备连接成功: 127.0.0.1:16384
[2026-05-01 12:03:51] [INFO] [ShopBot] 开始导航至秘密商店（超时 30.0s）
[2026-05-01 12:03:51] [WARNING] [ShopBot] 场景检测: 未知界面
[2026-05-01 12:03:52] [WARNING] [ShopBot] 界面无法识别且无弹窗，等待后重试
[2026-05-01 12:03:53] [WARNING] [ShopBot] 场景检测: 未知界面
[2026-05-01 12:03:53] [WARNING] [ShopBot] 界面无法识别且无弹窗，等待后重试
[2026-05-01 12:03:55] [WARNING] [ShopBot] 场景检测: 未知界面
[2026-05-01 12:03:56] [WARNING] [ShopBot] 界面无法识别且无弹窗，等待后重试
[2026-05-01 12:03:57] [WARNING] [ShopBot] 场景检测: 未知界面
[2026-05-01 12:03:58] [WARNING] [ShopBot] 界面无法识别且无弹窗，等待后重试
[2026-05-01 12:03:59] [WARNING] [ShopBot] 场景检测: 未知界面
[2026-05-01 12:04:00] [WARNING] [ShopBot] 界面无法识别且无弹窗，等待后重试
[2026-05-01 12:04:01] [WARNING] [ShopBot] 场景检测: 未知界面
[2026-05-01 12:04:02] [WARNING] [ShopBot] 界面无法识别且无弹窗，等待后重试
[2026-05-01 12:04:03] [WARNING] [ShopBot] 场景检测: 未知界面
[2026-05-01 12:04:04] [WARNING] [ShopBot] 界面无法识别且无弹窗，等待后重试
[2026-05-01 12:04:06] [WARNING] [ShopBot] 场景检测: 未知界面
[2026-05-01 12:04:06] [WARNING] [ShopBot] 界面无法识别且无弹窗，等待后重试
[2026-05-01 12:04:08] [WARNING] [ShopBot] 场景检测: 未知界面
[2026-05-01 12:04:08] [WARNING] [ShopBot] 界面无法识别且无弹窗，等待后重试
[2026-05-01 12:04:10] [WARNING] [ShopBot] 场景检测: 未知界面
[2026-05-01 12:04:10] [WARNING] [ShopBot] 界面无法识别且无弹窗，等待后重试
[2026-05-01 12:04:12] [WARNING] [ShopBot] 场景检测: 未知界面
[2026-05-01 12:04:12] [WARNING] [ShopBot] 界面无法识别且无弹窗，等待后重试
[2026-05-01 12:04:14] [WARNING] [ShopBot] 场景检测: 未知界面
[2026-05-01 12:04:14] [WARNING] [ShopBot] 界面无法识别且无弹窗，等待后重试
[2026-05-01 12:04:16] [WARNING] [ShopBot] 场景检测: 未知界面
[2026-05-01 12:04:16] [WARNING] [ShopBot] 界面无法识别且无弹窗，等待后重试
[2026-05-01 12:04:18] [WARNING] [ShopBot] 场景检测: 未知界面
[2026-05-01 12:04:18] [WARNING] [ShopBot] 界面无法识别且无弹窗，等待后重试
[2026-05-01 12:04:20] [WARNING] [ShopBot] 场景检测: 未知界面
[2026-05-01 12:04:20] [WARNING] [ShopBot] 界面无法识别且无弹窗，等待后重试
[2026-05-01 12:04:22] [ERROR] [ShopBot] 导航超时（30.0s），未能到达秘密商店
[2026-05-01 12:04:22] [ERROR] [ShopBot] 导航至秘密商店失败，终止运行
[2026-05-01 12:04:22] [INFO] [ShopBot] ========== 运行统计 ==========
[2026-05-01 12:04:22] [INFO] [ShopBot] 总刷新次数: 0
[2026-05-01 12:04:22] [INFO] [ShopBot] 购买书签: 0
[2026-05-01 12:04:22] [INFO] [ShopBot] 购买神秘奖章: 0
[2026-05-01 12:04:22] [INFO] [ShopBot] 购买装备: 0
[2026-05-01 12:04:22] [INFO] [ShopBot] 天空石消耗: 0
[2026-05-01 12:04:22] [INFO] [ShopBot] 天空石余量: 0
[2026-05-01 12:04:22] [INFO] [ShopBot] ==============================
[2026-05-01 12:04:22] [INFO] [ShopBot] ShopBot 已停止
[2026-05-01 12:04:22] [INFO] [ShopBot] 程序退出
