[2026-05-09 00:06:23] [INFO] [ShopBot] Loading OCR dependencies
[2026-05-09 00:06:24] [WARNING] [ShopBot] can not find file ./bin/cnocr_models/azur_lane\label_cn.txt
[2026-05-09 00:06:24] [WARNING] [ShopBot] Ocr model not prepared: ./bin/cnocr_models/azur_lane
[2026-05-09 00:06:24] [WARNING] [ShopBot] Required files: ['label_cn.txt', 'cnocr-v1.2.0-densenet-lite-gru-0015.params', 'cnocr-v1.2.0-densenet-lite-gru-symbol.json']
[2026-05-09 00:06:24] [CRITICAL] [ShopBot] Please check if required files of pre-trained OCR model exist
[2026-05-09 00:07:04] [INFO] [ShopBot] Loading OCR dependencies
[2026-05-09 00:07:05] [INFO] [ShopBot] Loading OCR model: ./bin/cnocr_models/azur_lane
[2026-05-09 00:09:31] [INFO] [ShopBot] 配置已加载 - 设备: 127.0.0.1:16384, 截图: ADB, 控制: ADB
[2026-05-09 00:09:32] [INFO] [ShopBot] 购买列表 - 书签: True, 神秘奖章: True, 装备: False, 狗粮: False
[2026-05-09 00:09:32] [INFO] [ShopBot] 刷新上限: 200, 天空石阈值: 0, 金币阈值: 0
[2026-05-09 00:09:32] [INFO] [ShopBot] 正在连接设备 127.0.0.1:16384（第 1/3 次）
[2026-05-09 00:09:32] [INFO] [ShopBot] 设备连接成功: 127.0.0.1:16384
[2026-05-09 00:09:32] [INFO] [ShopBot] Loading OCR dependencies
[2026-05-09 00:09:33] [INFO] [ShopBot] Loading OCR model: ./bin/cnocr_models/azur_lane
[2026-05-09 00:10:15] [INFO] [ShopBot] 配置已加载 - 设备: 127.0.0.1:16384, 截图: ADB, 控制: ADB
[2026-05-09 00:10:15] [INFO] [ShopBot] 购买列表 - 书签: True, 神秘奖章: True, 装备: False, 狗粮: False
[2026-05-09 00:10:15] [INFO] [ShopBot] 刷新上限: 200, 天空石阈值: 0, 金币阈值: 0
[2026-05-09 00:10:15] [INFO] [ShopBot] 正在连接设备 127.0.0.1:16384（第 1/3 次）
[2026-05-09 00:10:15] [INFO] [ShopBot] 设备连接成功: 127.0.0.1:16384
[2026-05-09 00:10:55] [INFO] [ShopBot] 配置已加载 - 设备: 127.0.0.1:16384, 截图: ADB, 控制: ADB
[2026-05-09 00:10:55] [INFO] [ShopBot] 购买列表 - 书签: True, 神秘奖章: True, 装备: False, 狗粮: False
[2026-05-09 00:10:55] [INFO] [ShopBot] 刷新上限: 200, 天空石阈值: 0, 金币阈值: 0
[2026-05-09 00:10:55] [INFO] [ShopBot] 正在连接设备 127.0.0.1:16384（第 1/3 次）
[2026-05-09 00:10:55] [INFO] [ShopBot] 设备连接成功: 127.0.0.1:16384
[2026-05-09 00:12:41] [INFO] [ShopBot] 配置已加载 - 设备: 127.0.0.1:16384, 截图: ADB, 控制: ADB
[2026-05-09 00:12:41] [INFO] [ShopBot] 购买列表 - 书签: True, 神秘奖章: True, 装备: False, 狗粮: False
[2026-05-09 00:12:41] [INFO] [ShopBot] 刷新上限: 200, 天空石阈值: 0, 金币阈值: 0
[2026-05-09 00:12:41] [INFO] [ShopBot] 正在连接设备 127.0.0.1:16384（第 1/3 次）
[2026-05-09 00:12:41] [INFO] [ShopBot] 设备连接成功: 127.0.0.1:16384
[2026-05-09 00:12:42] [INFO] [ShopBot] Loading OCR dependencies
[2026-05-09 00:12:42] [INFO] [ShopBot] Loading OCR model: ./bin/cnocr_models/azur_lane
[2026-05-09 00:13:31] [INFO] [ShopBot] 配置已加载 - 设备: 127.0.0.1:16384, 截图: ADB, 控制: ADB
[2026-05-09 00:13:31] [INFO] [ShopBot] 购买列表 - 书签: True, 神秘奖章: True, 装备: False, 狗粮: False
[2026-05-09 00:13:31] [INFO] [ShopBot] 刷新上限: 200, 天空石阈值: 0, 金币阈值: 0
[2026-05-09 00:13:31] [INFO] [ShopBot] 正在连接设备 127.0.0.1:16384（第 1/3 次）
[2026-05-09 00:13:31] [INFO] [ShopBot] 设备连接成功: 127.0.0.1:16384
[2026-05-09 00:13:31] [INFO] [ShopBot] Loading OCR dependencies
[2026-05-09 00:13:32] [INFO] [ShopBot] Loading OCR model: ./bin/cnocr_models/azur_lane
[2026-05-09 00:14:08] [INFO] [ShopBot] 配置已加载 - 设备: 127.0.0.1:16384, 截图: ADB, 控制: ADB
[2026-05-09 00:14:08] [INFO] [ShopBot] 购买列表 - 书签: True, 神秘奖章: True, 装备: False, 狗粮: False
[2026-05-09 00:14:08] [INFO] [ShopBot] 刷新上限: 200, 天空石阈值: 0, 金币阈值: 0
[2026-05-09 00:14:08] [INFO] [ShopBot] 正在连接设备 127.0.0.1:16384（第 1/3 次）
[2026-05-09 00:14:08] [INFO] [ShopBot] 设备连接成功: 127.0.0.1:16384
[2026-05-09 00:14:08] [INFO] [ShopBot] Loading OCR dependencies
[2026-05-09 00:14:09] [INFO] [ShopBot] Loading OCR model: ./bin/cnocr_models/cnocr
[2026-05-09 00:14:09] [INFO] [ShopBot] Loading OCR model: ./bin/cnocr_models/azur_lane
[2026-05-09 00:15:21] [INFO] [ShopBot] 配置已加载 - 设备: 127.0.0.1:16384, 截图: ADB, 控制: ADB
[2026-05-09 00:15:21] [INFO] [ShopBot] 购买列表 - 书签: True, 神秘奖章: True, 装备: False, 狗粮: False
[2026-05-09 00:15:21] [INFO] [ShopBot] 刷新上限: 200, 天空石阈值: 0, 金币阈值: 0
[2026-05-09 00:15:21] [INFO] [ShopBot] 正在连接设备 127.0.0.1:16384（第 1/3 次）
[2026-05-09 00:15:21] [INFO] [ShopBot] 设备连接成功: 127.0.0.1:16384
[2026-05-09 00:20:07] [INFO] [ShopBot] 配置已加载 - 设备: 127.0.0.1:16384, 截图: ADB, 控制: ADB
[2026-05-09 00:20:07] [INFO] [ShopBot] 购买列表 - 书签: True, 神秘奖章: True, 装备: False, 狗粮: False
[2026-05-09 00:20:07] [INFO] [ShopBot] 刷新上限: 200, 天空石阈值: 0, 金币阈值: 0
[2026-05-09 00:20:07] [INFO] [ShopBot] 正在连接设备 127.0.0.1:16384（第 1/3 次）
[2026-05-09 00:20:07] [INFO] [ShopBot] 设备连接成功: 127.0.0.1:16384
[2026-05-09 00:20:07] [INFO] [ShopBot] Loading OCR dependencies
[2026-05-09 00:20:10] [INFO] [ShopBot] Loading OCR model: ./bin/cnocr_models/azur_lane
[2026-05-09 00:22:21] [INFO] [ShopBot] 配置已加载 - 设备: 127.0.0.1:16384, 截图: ADB, 控制: ADB
[2026-05-09 00:22:21] [INFO] [ShopBot] 购买列表 - 书签: True, 神秘奖章: True, 装备: False, 狗粮: False
[2026-05-09 00:22:21] [INFO] [ShopBot] 刷新上限: 200, 天空石阈值: 0, 金币阈值: 0
[2026-05-09 00:22:21] [INFO] [ShopBot] 正在连接设备 127.0.0.1:16384（第 1/3 次）
[2026-05-09 00:22:21] [INFO] [ShopBot] 设备连接成功: 127.0.0.1:16384
[2026-05-09 00:22:21] [INFO] [ShopBot] Loading OCR dependencies
[2026-05-09 00:22:22] [INFO] [ShopBot] Loading OCR model: ./bin/cnocr_models/azur_lane
[2026-05-09 00:22:22] [INFO] [ShopBot] Loading OCR model: ./bin/cnocr_models/cnocr
[2026-05-09 00:24:35] [INFO] [ShopBot] 配置已加载 - 设备: 127.0.0.1:16384, 截图: ADB, 控制: ADB
[2026-05-09 00:24:35] [INFO] [ShopBot] 购买列表 - 书签: True, 神秘奖章: True, 装备: False, 狗粮: False
[2026-05-09 00:24:35] [INFO] [ShopBot] 刷新上限: 200, 天空石阈值: 0, 金币阈值: 0
[2026-05-09 00:24:35] [INFO] [ShopBot] 正在连接设备 127.0.0.1:16384（第 1/3 次）
[2026-05-09 00:24:35] [INFO] [ShopBot] 设备连接成功: 127.0.0.1:16384
[2026-05-09 00:25:38] [INFO] [ShopBot] 配置已加载 - 设备: 127.0.0.1:16384, 截图: ADB, 控制: ADB
[2026-05-09 00:25:38] [INFO] [ShopBot] 购买列表 - 书签: True, 神秘奖章: True, 装备: False, 狗粮: False
[2026-05-09 00:25:38] [INFO] [ShopBot] 刷新上限: 200, 天空石阈值: 0, 金币阈值: 0
[2026-05-09 00:25:38] [INFO] [ShopBot] 正在连接设备 127.0.0.1:16384（第 1/3 次）
[2026-05-09 00:25:38] [INFO] [ShopBot] 设备连接成功: 127.0.0.1:16384
[2026-05-09 00:28:43] [INFO] [ShopBot] 配置已加载 - 设备: 127.0.0.1:16384, 截图: ADB, 控制: ADB
[2026-05-09 00:28:43] [INFO] [ShopBot] 购买列表 - 书签: True, 神秘奖章: True, 装备: False, 狗粮: False
[2026-05-09 00:28:43] [INFO] [ShopBot] 刷新上限: 200, 天空石阈值: 0, 金币阈值: 0
[2026-05-09 00:28:43] [INFO] [ShopBot] 正在连接设备 127.0.0.1:16384（第 1/3 次）
[2026-05-09 00:28:43] [INFO] [ShopBot] 设备连接成功: 127.0.0.1:16384
[2026-05-09 00:28:43] [INFO] [ShopBot] Loading OCR dependencies
[2026-05-09 00:28:44] [INFO] [ShopBot] Loading OCR model: ./bin/cnocr_models/azur_lane
[2026-05-09 00:30:21] [INFO] [ShopBot] 配置已加载 - 设备: 127.0.0.1:16384, 截图: ADB, 控制: ADB
[2026-05-09 00:30:21] [INFO] [ShopBot] 购买列表 - 书签: True, 神秘奖章: True, 装备: False, 狗粮: False
[2026-05-09 00:30:21] [INFO] [ShopBot] 刷新上限: 200, 天空石阈值: 0, 金币阈值: 0
[2026-05-09 00:30:21] [INFO] [ShopBot] 正在连接设备 127.0.0.1:16384（第 1/3 次）
[2026-05-09 00:30:21] [INFO] [ShopBot] 设备连接成功: 127.0.0.1:16384
[2026-05-09 00:34:32] [INFO] [ShopBot] 配置已加载 - 设备: 127.0.0.1:16384, 截图: ADB, 控制: ADB
[2026-05-09 00:34:32] [INFO] [ShopBot] 购买列表 - 书签: True, 神秘奖章: True, 装备: False, 狗粮: False
[2026-05-09 00:34:32] [INFO] [ShopBot] 刷新上限: 200, 天空石阈值: 0, 金币阈值: 0
[2026-05-09 00:34:32] [INFO] [ShopBot] 正在连接设备 127.0.0.1:16384（第 1/3 次）
[2026-05-09 00:34:32] [INFO] [ShopBot] 设备连接成功: 127.0.0.1:16384
[2026-05-09 00:34:32] [INFO] [ShopBot] Loading OCR dependencies
[2026-05-09 00:34:33] [INFO] [ShopBot] Loading OCR model: ./bin/cnocr_models/azur_lane
[2026-05-09 00:34:33] [INFO] [ShopBot] Loading OCR model: ./bin/cnocr_models/cnocr
[2026-05-09 00:35:52] [INFO] [ShopBot] 配置已加载 - 设备: 127.0.0.1:16384, 截图: ADB, 控制: ADB
[2026-05-09 00:35:52] [INFO] [ShopBot] 购买列表 - 书签: True, 神秘奖章: True, 装备: False, 狗粮: False
[2026-05-09 00:35:52] [INFO] [ShopBot] 刷新上限: 200, 天空石阈值: 0, 金币阈值: 0
[2026-05-09 00:35:52] [INFO] [ShopBot] 正在连接设备 127.0.0.1:16384（第 1/3 次）
[2026-05-09 00:35:52] [INFO] [ShopBot] 设备连接成功: 127.0.0.1:16384
[2026-05-09 00:35:52] [INFO] [ShopBot] Loading OCR dependencies
[2026-05-09 00:35:53] [INFO] [ShopBot] Loading OCR model: ./bin/cnocr_models/cnocr
[2026-05-09 00:35:53] [INFO] [ShopBot] Loading OCR model: ./bin/cnocr_models/azur_lane
[2026-05-09 00:41:27] [INFO] [ShopBot] 配置已加载 - 设备: 127.0.0.1:16384, 截图: ADB, 控制: ADB
[2026-05-09 00:41:27] [INFO] [ShopBot] 购买列表 - 书签: True, 神秘奖章: True, 装备: False, 狗粮: False
[2026-05-09 00:41:27] [INFO] [ShopBot] 刷新上限: 200, 天空石阈值: 0, 金币阈值: 0
[2026-05-09 00:41:27] [INFO] [ShopBot] 正在连接设备 127.0.0.1:16384（第 1/3 次）
[2026-05-09 00:41:27] [INFO] [ShopBot] 设备连接成功: 127.0.0.1:16384
[2026-05-09 00:41:27] [INFO] [ShopBot] 保存未知价格图片: unknown_0000.png
[2026-05-09 00:41:27] [INFO] [ShopBot] 保存未知价格图片: unknown_0001.png
[2026-05-09 00:41:27] [INFO] [ShopBot] 保存未知价格图片: unknown_0002.png
[2026-05-09 00:41:27] [INFO] [ShopBot] 保存未知价格图片: unknown_0003.png
[2026-05-09 00:46:22] [INFO] [ShopBot] 配置已加载 - 设备: 127.0.0.1:16384, 截图: ADB, 控制: ADB
[2026-05-09 00:46:22] [INFO] [ShopBot] 购买列表 - 书签: True, 神秘奖章: True, 装备: False, 狗粮: False
[2026-05-09 00:46:22] [INFO] [ShopBot] 刷新上限: 200, 天空石阈值: 0, 金币阈值: 0
[2026-05-09 00:46:22] [INFO] [ShopBot] 正在连接设备 127.0.0.1:16384（第 1/3 次）
[2026-05-09 00:46:22] [INFO] [ShopBot] 设备连接成功: 127.0.0.1:16384
[2026-05-09 00:49:42] [INFO] [ShopBot] 配置已加载 - 设备: 127.0.0.1:16384, 截图: ADB, 控制: ADB
[2026-05-09 00:49:42] [INFO] [ShopBot] 购买列表 - 书签: True, 神秘奖章: True, 装备: False, 狗粮: False
[2026-05-09 00:49:42] [INFO] [ShopBot] 刷新上限: 200, 天空石阈值: 0, 金币阈值: 0
[2026-05-09 00:49:42] [INFO] [ShopBot] 正在连接设备 127.0.0.1:16384（第 1/3 次）
[2026-05-09 00:49:42] [INFO] [ShopBot] 设备连接成功: 127.0.0.1:16384
[2026-05-09 00:49:43] [INFO] [ShopBot] 动态检测到 4 个物品行: [(80, 187), (238, 332), (385, 477), (529, 620)]
[2026-05-09 00:49:43] [INFO] [ShopBot] 保存未知价格图片: unknown_0004.png
[2026-05-09 00:49:43] [INFO] [ShopBot] 物品 0 (y=80-187, icon_x=270-340): bookmark (置信度 0.68), 货币 gold (R/B=0.89), 价格 0
[2026-05-09 00:49:43] [INFO] [ShopBot] 保存未知价格图片: unknown_0005.png
[2026-05-09 00:49:43] [INFO] [ShopBot] 物品 1 (y=238-332, icon_x=290-360): equipment (置信度 0.76), 货币 gold (R/B=0.93), 价格 0
[2026-05-09 00:49:43] [INFO] [ShopBot] 保存未知价格图片: unknown_0006.png
[2026-05-09 00:49:43] [INFO] [ShopBot] 物品 2 (y=385-477, icon_x=210-280): bookmark (置信度 0.84), 货币 gold (R/B=0.95), 价格 0
[2026-05-09 00:49:43] [INFO] [ShopBot] 保存未知价格图片: unknown_0007.png
[2026-05-09 00:49:43] [INFO] [ShopBot] 物品 3 (y=529-620, icon_x=380-450): bookmark (置信度 0.85), 货币 gold (R/B=0.95), 价格 0
[2026-05-09 00:52:37] [INFO] [ShopBot] 配置已加载 - 设备: 127.0.0.1:16384, 截图: ADB, 控制: ADB
[2026-05-09 00:52:37] [INFO] [ShopBot] 购买列表 - 书签: True, 神秘奖章: True, 装备: False, 狗粮: False
[2026-05-09 00:52:37] [INFO] [ShopBot] 刷新上限: 200, 天空石阈值: 0, 金币阈值: 0
[2026-05-09 00:52:37] [INFO] [ShopBot] 正在连接设备 127.0.0.1:16384（第 1/3 次）
[2026-05-09 00:52:37] [INFO] [ShopBot] 设备连接成功: 127.0.0.1:16384
[2026-05-09 00:52:57] [INFO] [ShopBot] 配置已加载 - 设备: 127.0.0.1:16384, 截图: ADB, 控制: ADB
[2026-05-09 00:52:57] [INFO] [ShopBot] 购买列表 - 书签: True, 神秘奖章: True, 装备: False, 狗粮: False
[2026-05-09 00:52:57] [INFO] [ShopBot] 刷新上限: 200, 天空石阈值: 0, 金币阈值: 0
[2026-05-09 00:52:57] [INFO] [ShopBot] 正在连接设备 127.0.0.1:16384（第 1/3 次）
[2026-05-09 00:52:57] [INFO] [ShopBot] 设备连接成功: 127.0.0.1:16384
[2026-05-09 00:52:57] [INFO] [ShopBot] 点击 (1216, 231) @ BUY_BTN_TEST
[2026-05-09 00:52:59] [INFO] [ShopBot] 点击 (148, 141) @ DISMISS
[2026-05-09 01:10:23] [INFO] [ShopBot] 配置已加载 - 设备: 127.0.0.1:16384, 截图: ADB, 控制: ADB
[2026-05-09 01:10:23] [INFO] [ShopBot] 购买列表 - 书签: True, 神秘奖章: True, 装备: False, 狗粮: False
[2026-05-09 01:10:23] [INFO] [ShopBot] 刷新上限: 200, 天空石阈值: 0, 金币阈值: 0
[2026-05-09 01:10:23] [INFO] [ShopBot] 正在连接设备 127.0.0.1:16384（第 1/3 次）
[2026-05-09 01:10:23] [INFO] [ShopBot] 设备连接成功: 127.0.0.1:16384
[2026-05-09 01:10:23] [INFO] [ShopBot] 开始识别完整货架
[2026-05-09 01:10:23] [INFO] [ShopBot] 动态检测到 3 个物品行: [(154, 260), (311, 405), (456, 550)]
[2026-05-09 01:10:23] [INFO] [ShopBot] 保存未知价格图片: unknown_0008.png
[2026-05-09 01:10:23] [INFO] [ShopBot] 物品 0 (y=154-260, icon_x=200-270): bookmark (置信度 0.81), 货币 gold (置信度 0.92), 价格 0
[2026-05-09 01:10:23] [INFO] [ShopBot] 保存未知价格图片: unknown_0009.png
[2026-05-09 01:10:23] [INFO] [ShopBot] 物品 1 (y=311-405, icon_x=280-350): equipment (置信度 0.78), 货币 gold (置信度 0.93), 价格 0
[2026-05-09 01:10:23] [INFO] [ShopBot] 保存未知价格图片: unknown_0010.png
[2026-05-09 01:10:23] [INFO] [ShopBot] 物品 2 (y=456-550, icon_x=200-270): equipment (置信度 0.79), 货币 gold (置信度 0.93), 价格 0
[2026-05-09 01:10:23] [INFO] [ShopBot] 滑动 (640, 400) -> (640, 150), 时长 0.3s
[2026-05-09 01:10:25] [DEBUG] [ShopBot] 底部检测相似度: 0.9827
[2026-05-09 01:10:25] [INFO] [ShopBot] 已到达货架底部（第 1 次滑动后）
[2026-05-09 01:10:25] [INFO] [ShopBot] 货架识别完成，共 3 个物品
[2026-05-09 01:11:14] [INFO] [ShopBot] 配置已加载 - 设备: 127.0.0.1:16384, 截图: ADB, 控制: ADB
[2026-05-09 01:11:14] [INFO] [ShopBot] 购买列表 - 书签: True, 神秘奖章: True, 装备: False, 狗粮: False
[2026-05-09 01:11:14] [INFO] [ShopBot] 刷新上限: 200, 天空石阈值: 0, 金币阈值: 0
[2026-05-09 01:11:14] [INFO] [ShopBot] 正在连接设备 127.0.0.1:16384（第 1/3 次）
[2026-05-09 01:11:14] [INFO] [ShopBot] 设备连接成功: 127.0.0.1:16384
[2026-05-09 01:11:14] [INFO] [ShopBot] 开始识别完整货架
[2026-05-09 01:11:15] [INFO] [ShopBot] 动态检测到 3 个物品行: [(154, 260), (311, 405), (456, 550)]
[2026-05-09 01:11:15] [INFO] [ShopBot] 保存未知价格图片: unknown_0011.png
[2026-05-09 01:11:15] [INFO] [ShopBot] 物品 0 (y=154-260, icon_x=200-270): bookmark (置信度 0.83), 货币 gold (置信度 0.92), 价格 0
[2026-05-09 01:11:15] [INFO] [ShopBot] 保存未知价格图片: unknown_0012.png
[2026-05-09 01:11:15] [INFO] [ShopBot] 物品 1 (y=311-405, icon_x=270-340): unknown (置信度 0.35), 货币 gold (置信度 0.93), 价格 0
[2026-05-09 01:11:15] [INFO] [ShopBot] 保存未知价格图片: unknown_0013.png
[2026-05-09 01:11:15] [INFO] [ShopBot] 物品 2 (y=456-550, icon_x=210-280): bookmark (置信度 0.76), 货币 gold (置信度 0.93), 价格 0
[2026-05-09 01:11:15] [INFO] [ShopBot] 滑动 (640, 400) -> (640, 150), 时长 0.3s
[2026-05-09 01:11:16] [DEBUG] [ShopBot] 底部检测相似度: 0.9895
[2026-05-09 01:11:16] [INFO] [ShopBot] 已到达货架底部（第 1 次滑动后）
[2026-05-09 01:11:16] [INFO] [ShopBot] 货架识别完成，共 3 个物品
[2026-05-09 01:11:16] [INFO] [ShopBot] 点击 (642, 224) @ TEST_ITEM_0
[2026-05-09 01:12:15] [INFO] [ShopBot] 配置已加载 - 设备: 127.0.0.1:16384, 截图: ADB, 控制: ADB
[2026-05-09 01:12:15] [INFO] [ShopBot] 购买列表 - 书签: True, 神秘奖章: True, 装备: False, 狗粮: False
[2026-05-09 01:12:15] [INFO] [ShopBot] 刷新上限: 200, 天空石阈值: 0, 金币阈值: 0
[2026-05-09 01:12:15] [INFO] [ShopBot] 正在连接设备 127.0.0.1:16384（第 1/3 次）
[2026-05-09 01:12:15] [INFO] [ShopBot] 设备连接成功: 127.0.0.1:16384
[2026-05-09 01:12:16] [INFO] [ShopBot] 开始识别完整货架
[2026-05-09 01:12:16] [INFO] [ShopBot] 动态检测到 3 个物品行: [(154, 260), (311, 405), (456, 550)]
[2026-05-09 01:12:16] [INFO] [ShopBot] 保存未知价格图片: unknown_0014.png
[2026-05-09 01:12:16] [INFO] [ShopBot] 物品 0 (y=154-260, icon_x=200-270): bookmark (置信度 0.83), 货币 gold (置信度 0.92), 价格 0
[2026-05-09 01:12:16] [INFO] [ShopBot] 保存未知价格图片: unknown_0015.png
[2026-05-09 01:12:16] [INFO] [ShopBot] 物品 1 (y=311-405, icon_x=270-340): unknown (置信度 0.35), 货币 gold (置信度 0.93), 价格 0
[2026-05-09 01:12:16] [INFO] [ShopBot] 保存未知价格图片: unknown_0016.png
[2026-05-09 01:12:16] [INFO] [ShopBot] 物品 2 (y=456-550, icon_x=210-280): bookmark (置信度 0.77), 货币 gold (置信度 0.93), 价格 0
[2026-05-09 01:12:16] [INFO] [ShopBot] 滑动 (640, 400) -> (640, 150), 时长 0.3s
[2026-05-09 01:12:17] [DEBUG] [ShopBot] 底部检测相似度: 0.9895
[2026-05-09 01:12:17] [INFO] [ShopBot] 已到达货架底部（第 1 次滑动后）
[2026-05-09 01:12:17] [INFO] [ShopBot] 货架识别完成，共 3 个物品
[2026-05-09 01:12:17] [INFO] [ShopBot] 点击 (1203, 166) @ BUY_BTN_SLOT_0
[2026-05-09 01:13:27] [INFO] [ShopBot] 配置已加载 - 设备: 127.0.0.1:16384, 截图: ADB, 控制: ADB
[2026-05-09 01:13:27] [INFO] [ShopBot] 购买列表 - 书签: True, 神秘奖章: True, 装备: False, 狗粮: False
[2026-05-09 01:13:27] [INFO] [ShopBot] 刷新上限: 200, 天空石阈值: 0, 金币阈值: 0
[2026-05-09 01:13:27] [INFO] [ShopBot] 正在连接设备 127.0.0.1:16384（第 1/3 次）
[2026-05-09 01:13:27] [INFO] [ShopBot] 设备连接成功: 127.0.0.1:16384
[2026-05-09 01:13:27] [INFO] [ShopBot] 开始导航至秘密商店（超时 30.0s）
[2026-05-09 01:13:27] [DEBUG] [ShopBot] 秘密商店检测: 导航顶部=51 导航中部=209 内容区=57
[2026-05-09 01:13:27] [INFO] [ShopBot] 场景检测: 秘密商店
[2026-05-09 01:13:27] [INFO] [ShopBot] 已到达秘密商店
[2026-05-09 01:14:02] [INFO] [ShopBot] 配置已加载 - 设备: 127.0.0.1:16384, 截图: ADB, 控制: ADB
[2026-05-09 01:14:02] [INFO] [ShopBot] 购买列表 - 书签: True, 神秘奖章: True, 装备: False, 狗粮: False
[2026-05-09 01:14:02] [INFO] [ShopBot] 刷新上限: 200, 天空石阈值: 0, 金币阈值: 0
[2026-05-09 01:14:02] [INFO] [ShopBot] 正在连接设备 127.0.0.1:16384（第 1/3 次）
[2026-05-09 01:14:02] [INFO] [ShopBot] 设备连接成功: 127.0.0.1:16384
[2026-05-09 01:14:02] [INFO] [ShopBot] 开始识别完整货架
[2026-05-09 01:14:03] [INFO] [ShopBot] 动态检测到 3 个物品行: [(154, 260), (311, 405), (456, 550)]
[2026-05-09 01:14:03] [INFO] [ShopBot] 保存未知价格图片: unknown_0017.png
[2026-05-09 01:14:03] [INFO] [ShopBot] 物品 0 (y=154-260, icon_x=200-270): bookmark (置信度 0.82), 货币 gold (置信度 0.92), 价格 0
[2026-05-09 01:14:03] [INFO] [ShopBot] 保存未知价格图片: unknown_0018.png
[2026-05-09 01:14:03] [INFO] [ShopBot] 物品 1 (y=311-405, icon_x=380-450): equipment (置信度 0.77), 货币 gold (置信度 0.93), 价格 0
[2026-05-09 01:14:03] [INFO] [ShopBot] 保存未知价格图片: unknown_0019.png
[2026-05-09 01:14:03] [INFO] [ShopBot] 物品 2 (y=456-550, icon_x=290-360): equipment (置信度 0.80), 货币 gold (置信度 0.93), 价格 0
[2026-05-09 01:14:03] [INFO] [ShopBot] 滑动 (640, 400) -> (640, 150), 时长 0.3s
[2026-05-09 01:14:04] [DEBUG] [ShopBot] 底部检测相似度: 0.9910
[2026-05-09 01:14:04] [INFO] [ShopBot] 已到达货架底部（第 1 次滑动后）
[2026-05-09 01:14:04] [INFO] [ShopBot] 货架识别完成，共 3 个物品
[2026-05-09 01:14:04] [INFO] [ShopBot] 点击 (1187, 224) @ BUY_0
[2026-05-09 01:14:06] [INFO] [ShopBot] 点击 (680, 492) @ PURCHASE_CANCEL
[2026-05-09 01:15:33] [INFO] [ShopBot] 配置已加载 - 设备: 127.0.0.1:16384, 截图: ADB, 控制: ADB
[2026-05-09 01:15:33] [INFO] [ShopBot] 购买列表 - 书签: True, 神秘奖章: True, 装备: False, 狗粮: False
[2026-05-09 01:15:33] [INFO] [ShopBot] 刷新上限: 200, 天空石阈值: 0, 金币阈值: 0
[2026-05-09 01:15:33] [INFO] [ShopBot] 正在连接设备 127.0.0.1:16384（第 1/3 次）
[2026-05-09 01:15:33] [INFO] [ShopBot] 设备连接成功: 127.0.0.1:16384
[2026-05-09 01:15:33] [INFO] [ShopBot] 点击 (186, 660) @ REFRESH_BTN
[2026-05-09 01:16:01] [INFO] [ShopBot] 配置已加载 - 设备: 127.0.0.1:16384, 截图: ADB, 控制: ADB
[2026-05-09 01:16:01] [INFO] [ShopBot] 购买列表 - 书签: True, 神秘奖章: True, 装备: False, 狗粮: False
[2026-05-09 01:16:01] [INFO] [ShopBot] 刷新上限: 200, 天空石阈值: 0, 金币阈值: 0
[2026-05-09 01:16:01] [INFO] [ShopBot] 正在连接设备 127.0.0.1:16384（第 1/3 次）
[2026-05-09 01:16:01] [INFO] [ShopBot] 设备连接成功: 127.0.0.1:16384
[2026-05-09 01:16:21] [INFO] [ShopBot] 配置已加载 - 设备: 127.0.0.1:16384, 截图: ADB, 控制: ADB
[2026-05-09 01:16:21] [INFO] [ShopBot] 购买列表 - 书签: True, 神秘奖章: True, 装备: False, 狗粮: False
[2026-05-09 01:16:21] [INFO] [ShopBot] 刷新上限: 200, 天空石阈值: 0, 金币阈值: 0
[2026-05-09 01:16:21] [INFO] [ShopBot] 正在连接设备 127.0.0.1:16384（第 1/3 次）
[2026-05-09 01:16:21] [INFO] [ShopBot] 设备连接成功: 127.0.0.1:16384
[2026-05-09 01:16:21] [INFO] [ShopBot] 开始导航至秘密商店（超时 30.0s）
[2026-05-09 01:16:22] [DEBUG] [ShopBot] 秘密商店检测: 导航顶部=41 导航中部=22 内容区=50
[2026-05-09 01:16:22] [DEBUG] [ShopBot] 大厅检测: 导航顶部=41 内容区=50
[2026-05-09 01:16:22] [WARNING] [ShopBot] 场景检测: 未知界面
[2026-05-09 01:16:22] [WARNING] [ShopBot] 界面无法识别且无弹窗，等待后重试
[2026-05-09 01:16:24] [DEBUG] [ShopBot] 秘密商店检测: 导航顶部=41 导航中部=22 内容区=50
[2026-05-09 01:16:24] [DEBUG] [ShopBot] 大厅检测: 导航顶部=41 内容区=50
[2026-05-09 01:16:24] [WARNING] [ShopBot] 场景检测: 未知界面
[2026-05-09 01:16:24] [WARNING] [ShopBot] 界面无法识别且无弹窗，等待后重试
[2026-05-09 01:16:25] [DEBUG] [ShopBot] 秘密商店检测: 导航顶部=41 导航中部=22 内容区=50
[2026-05-09 01:16:25] [DEBUG] [ShopBot] 大厅检测: 导航顶部=41 内容区=50
[2026-05-09 01:16:25] [WARNING] [ShopBot] 场景检测: 未知界面
[2026-05-09 01:16:26] [WARNING] [ShopBot] 界面无法识别且无弹窗，等待后重试
[2026-05-09 01:16:27] [DEBUG] [ShopBot] 秘密商店检测: 导航顶部=41 导航中部=22 内容区=50
[2026-05-09 01:16:27] [DEBUG] [ShopBot] 大厅检测: 导航顶部=41 内容区=50
[2026-05-09 01:16:27] [WARNING] [ShopBot] 场景检测: 未知界面
[2026-05-09 01:16:28] [WARNING] [ShopBot] 界面无法识别且无弹窗，等待后重试
[2026-05-09 01:16:29] [DEBUG] [ShopBot] 秘密商店检测: 导航顶部=41 导航中部=22 内容区=50
[2026-05-09 01:16:29] [DEBUG] [ShopBot] 大厅检测: 导航顶部=41 内容区=50
[2026-05-09 01:16:29] [WARNING] [ShopBot] 场景检测: 未知界面
[2026-05-09 01:16:30] [WARNING] [ShopBot] 界面无法识别且无弹窗，等待后重试
[2026-05-09 01:16:31] [DEBUG] [ShopBot] 秘密商店检测: 导航顶部=41 导航中部=22 内容区=50
[2026-05-09 01:16:31] [DEBUG] [ShopBot] 大厅检测: 导航顶部=41 内容区=50
[2026-05-09 01:16:31] [WARNING] [ShopBot] 场景检测: 未知界面
[2026-05-09 01:16:32] [WARNING] [ShopBot] 界面无法识别且无弹窗，等待后重试
[2026-05-09 01:16:33] [DEBUG] [ShopBot] 秘密商店检测: 导航顶部=41 导航中部=22 内容区=50
[2026-05-09 01:16:33] [DEBUG] [ShopBot] 大厅检测: 导航顶部=41 内容区=50
[2026-05-09 01:16:33] [WARNING] [ShopBot] 场景检测: 未知界面
[2026-05-09 01:16:34] [WARNING] [ShopBot] 界面无法识别且无弹窗，等待后重试
[2026-05-09 01:16:35] [DEBUG] [ShopBot] 秘密商店检测: 导航顶部=41 导航中部=22 内容区=50
[2026-05-09 01:16:35] [DEBUG] [ShopBot] 大厅检测: 导航顶部=41 内容区=50
[2026-05-09 01:16:35] [WARNING] [ShopBot] 场景检测: 未知界面
[2026-05-09 01:16:36] [WARNING] [ShopBot] 界面无法识别且无弹窗，等待后重试
[2026-05-09 01:16:37] [DEBUG] [ShopBot] 秘密商店检测: 导航顶部=51 导航中部=212 内容区=57
[2026-05-09 01:16:37] [INFO] [ShopBot] 场景检测: 秘密商店
[2026-05-09 01:16:37] [INFO] [ShopBot] 已到达秘密商店
[2026-05-09 01:17:11] [INFO] [ShopBot] 配置已加载 - 设备: 127.0.0.1:16384, 截图: ADB, 控制: ADB
[2026-05-09 01:17:11] [INFO] [ShopBot] 购买列表 - 书签: True, 神秘奖章: True, 装备: False, 狗粮: False
[2026-05-09 01:17:11] [INFO] [ShopBot] 刷新上限: 200, 天空石阈值: 0, 金币阈值: 0
[2026-05-09 01:17:11] [INFO] [ShopBot] 正在连接设备 127.0.0.1:16384（第 1/3 次）
[2026-05-09 01:17:11] [INFO] [ShopBot] 设备连接成功: 127.0.0.1:16384
[2026-05-09 01:17:11] [INFO] [ShopBot] 点击 (204, 685) @ REFRESH_BTN
[2026-05-09 01:17:12] [INFO] [ShopBot] 点击 (10, 10) @ dismiss
[2026-05-09 01:17:36] [INFO] [ShopBot] 配置已加载 - 设备: 127.0.0.1:16384, 截图: ADB, 控制: ADB
[2026-05-09 01:17:36] [INFO] [ShopBot] 购买列表 - 书签: True, 神秘奖章: True, 装备: False, 狗粮: False
[2026-05-09 01:17:36] [INFO] [ShopBot] 刷新上限: 200, 天空石阈值: 0, 金币阈值: 0
[2026-05-09 01:17:36] [INFO] [ShopBot] 正在连接设备 127.0.0.1:16384（第 1/3 次）
[2026-05-09 01:17:36] [INFO] [ShopBot] 设备连接成功: 127.0.0.1:16384
[2026-05-09 01:17:36] [INFO] [ShopBot] 开始导航至秘密商店（超时 30.0s）
[2026-05-09 01:17:36] [DEBUG] [ShopBot] 秘密商店检测: 导航顶部=12 导航中部=20 内容区=30
[2026-05-09 01:17:37] [DEBUG] [ShopBot] 大厅检测: 导航顶部=12 内容区=30
[2026-05-09 01:17:37] [WARNING] [ShopBot] 场景检测: 未知界面
[2026-05-09 01:17:37] [WARNING] [ShopBot] 界面无法识别且无弹窗，等待后重试
[2026-05-09 01:17:38] [DEBUG] [ShopBot] 秘密商店检测: 导航顶部=12 导航中部=21 内容区=30
[2026-05-09 01:17:38] [DEBUG] [ShopBot] 大厅检测: 导航顶部=12 内容区=30
[2026-05-09 01:17:38] [WARNING] [ShopBot] 场景检测: 未知界面
[2026-05-09 01:17:39] [WARNING] [ShopBot] 界面无法识别且无弹窗，等待后重试
[2026-05-09 01:17:40] [DEBUG] [ShopBot] 秘密商店检测: 导航顶部=12 导航中部=20 内容区=30
[2026-05-09 01:17:40] [DEBUG] [ShopBot] 大厅检测: 导航顶部=12 内容区=30
[2026-05-09 01:17:40] [WARNING] [ShopBot] 场景检测: 未知界面
[2026-05-09 01:17:40] [WARNING] [ShopBot] 界面无法识别且无弹窗，等待后重试
[2026-05-09 01:17:42] [DEBUG] [ShopBot] 秘密商店检测: 导航顶部=12 导航中部=20 内容区=30
[2026-05-09 01:17:42] [DEBUG] [ShopBot] 大厅检测: 导航顶部=12 内容区=30
[2026-05-09 01:17:42] [WARNING] [ShopBot] 场景检测: 未知界面
[2026-05-09 01:17:42] [WARNING] [ShopBot] 界面无法识别且无弹窗，等待后重试
[2026-05-09 01:17:44] [DEBUG] [ShopBot] 秘密商店检测: 导航顶部=12 导航中部=21 内容区=30
[2026-05-09 01:17:44] [DEBUG] [ShopBot] 大厅检测: 导航顶部=12 内容区=30
[2026-05-09 01:17:44] [WARNING] [ShopBot] 场景检测: 未知界面
[2026-05-09 01:17:44] [WARNING] [ShopBot] 界面无法识别且无弹窗，等待后重试
[2026-05-09 01:17:46] [DEBUG] [ShopBot] 秘密商店检测: 导航顶部=12 导航中部=21 内容区=30
[2026-05-09 01:17:46] [DEBUG] [ShopBot] 大厅检测: 导航顶部=12 内容区=30
[2026-05-09 01:17:46] [WARNING] [ShopBot] 场景检测: 未知界面
[2026-05-09 01:17:46] [WARNING] [ShopBot] 界面无法识别且无弹窗，等待后重试
[2026-05-09 01:17:48] [DEBUG] [ShopBot] 秘密商店检测: 导航顶部=12 导航中部=20 内容区=30
[2026-05-09 01:17:48] [DEBUG] [ShopBot] 大厅检测: 导航顶部=12 内容区=30
[2026-05-09 01:17:48] [WARNING] [ShopBot] 场景检测: 未知界面
[2026-05-09 01:17:48] [WARNING] [ShopBot] 界面无法识别且无弹窗，等待后重试
[2026-05-09 01:17:50] [DEBUG] [ShopBot] 秘密商店检测: 导航顶部=12 导航中部=20 内容区=30
[2026-05-09 01:17:50] [DEBUG] [ShopBot] 大厅检测: 导航顶部=12 内容区=30
[2026-05-09 01:17:50] [WARNING] [ShopBot] 场景检测: 未知界面
[2026-05-09 01:17:50] [WARNING] [ShopBot] 界面无法识别且无弹窗，等待后重试
[2026-05-09 01:17:52] [DEBUG] [ShopBot] 秘密商店检测: 导航顶部=12 导航中部=21 内容区=30
[2026-05-09 01:17:52] [DEBUG] [ShopBot] 大厅检测: 导航顶部=12 内容区=30
[2026-05-09 01:17:52] [WARNING] [ShopBot] 场景检测: 未知界面
[2026-05-09 01:17:52] [WARNING] [ShopBot] 界面无法识别且无弹窗，等待后重试
[2026-05-09 01:17:54] [DEBUG] [ShopBot] 秘密商店检测: 导航顶部=12 导航中部=20 内容区=30
[2026-05-09 01:17:54] [DEBUG] [ShopBot] 大厅检测: 导航顶部=12 内容区=30
[2026-05-09 01:17:54] [WARNING] [ShopBot] 场景检测: 未知界面
[2026-05-09 01:17:54] [WARNING] [ShopBot] 界面无法识别且无弹窗，等待后重试
[2026-05-09 01:17:56] [DEBUG] [ShopBot] 秘密商店检测: 导航顶部=12 导航中部=20 内容区=30
[2026-05-09 01:17:56] [DEBUG] [ShopBot] 大厅检测: 导航顶部=12 内容区=30
[2026-05-09 01:17:56] [WARNING] [ShopBot] 场景检测: 未知界面
[2026-05-09 01:17:56] [WARNING] [ShopBot] 界面无法识别且无弹窗，等待后重试
[2026-05-09 01:17:57] [DEBUG] [ShopBot] 秘密商店检测: 导航顶部=12 导航中部=20 内容区=30
[2026-05-09 01:17:57] [DEBUG] [ShopBot] 大厅检测: 导航顶部=12 内容区=30
[2026-05-09 01:17:57] [WARNING] [ShopBot] 场景检测: 未知界面
[2026-05-09 01:17:58] [WARNING] [ShopBot] 界面无法识别且无弹窗，等待后重试
[2026-05-09 01:17:59] [DEBUG] [ShopBot] 秘密商店检测: 导航顶部=12 导航中部=20 内容区=30
[2026-05-09 01:17:59] [DEBUG] [ShopBot] 大厅检测: 导航顶部=12 内容区=30
[2026-05-09 01:17:59] [WARNING] [ShopBot] 场景检测: 未知界面
[2026-05-09 01:17:59] [WARNING] [ShopBot] 界面无法识别且无弹窗，等待后重试
[2026-05-09 01:18:01] [DEBUG] [ShopBot] 秘密商店检测: 导航顶部=12 导航中部=20 内容区=30
[2026-05-09 01:18:01] [DEBUG] [ShopBot] 大厅检测: 导航顶部=12 内容区=30
[2026-05-09 01:18:01] [WARNING] [ShopBot] 场景检测: 未知界面
[2026-05-09 01:18:01] [WARNING] [ShopBot] 界面无法识别且无弹窗，等待后重试
[2026-05-09 01:18:03] [DEBUG] [ShopBot] 秘密商店检测: 导航顶部=12 导航中部=21 内容区=30
[2026-05-09 01:18:03] [DEBUG] [ShopBot] 大厅检测: 导航顶部=12 内容区=30
[2026-05-09 01:18:03] [WARNING] [ShopBot] 场景检测: 未知界面
[2026-05-09 01:18:03] [WARNING] [ShopBot] 界面无法识别且无弹窗，等待后重试
[2026-05-09 01:18:05] [DEBUG] [ShopBot] 秘密商店检测: 导航顶部=12 导航中部=20 内容区=30
[2026-05-09 01:18:05] [DEBUG] [ShopBot] 大厅检测: 导航顶部=12 内容区=30
[2026-05-09 01:18:05] [WARNING] [ShopBot] 场景检测: 未知界面
[2026-05-09 01:18:05] [WARNING] [ShopBot] 界面无法识别且无弹窗，等待后重试
[2026-05-09 01:18:07] [ERROR] [ShopBot] 导航超时（30.0s），未能到达秘密商店
[2026-05-09 01:18:43] [INFO] [ShopBot] 配置已加载 - 设备: 127.0.0.1:16384, 截图: ADB, 控制: ADB
[2026-05-09 01:18:43] [INFO] [ShopBot] 购买列表 - 书签: True, 神秘奖章: True, 装备: False, 狗粮: False
[2026-05-09 01:18:43] [INFO] [ShopBot] 刷新上限: 200, 天空石阈值: 0, 金币阈值: 0
[2026-05-09 01:18:43] [INFO] [ShopBot] 正在连接设备 127.0.0.1:16384（第 1/3 次）
[2026-05-09 01:18:43] [INFO] [ShopBot] 设备连接成功: 127.0.0.1:16384
[2026-05-09 01:18:46] [INFO] [ShopBot] 点击 (50, 25) @ back_test
[2026-05-09 01:18:47] [INFO] [ShopBot] 点击 (50, 35) @ back_test
[2026-05-09 01:18:48] [INFO] [ShopBot] 点击 (50, 45) @ back_test
[2026-05-09 01:18:50] [INFO] [ShopBot] 点击 (50, 55) @ back_test
[2026-05-09 01:18:51] [INFO] [ShopBot] 点击 (50, 65) @ back_test
[2026-05-09 01:21:22] [INFO] [ShopBot] 配置已加载 - 设备: 127.0.0.1:16384, 截图: ADB, 控制: ADB
[2026-05-09 01:21:22] [INFO] [ShopBot] 购买列表 - 书签: True, 神秘奖章: True, 装备: False, 狗粮: False
[2026-05-09 01:21:22] [INFO] [ShopBot] 刷新上限: 200, 天空石阈值: 0, 金币阈值: 0
[2026-05-09 01:21:22] [INFO] [ShopBot] 正在连接设备 127.0.0.1:16384（第 1/3 次）
[2026-05-09 01:21:22] [INFO] [ShopBot] 设备连接成功: 127.0.0.1:16384
[2026-05-09 01:21:22] [INFO] [ShopBot] 开始导航至秘密商店（超时 30.0s）
[2026-05-09 01:21:22] [DEBUG] [ShopBot] 秘密商店检测: 导航顶部=51 导航中部=206 内容区=57
[2026-05-09 01:21:22] [INFO] [ShopBot] 场景检测: 秘密商店
[2026-05-09 01:21:22] [INFO] [ShopBot] 已到达秘密商店
[2026-05-09 20:19:53] [INFO] [ShopBot] 配置已加载 - 设备: 127.0.0.1:16384, 截图: ADB, 控制: ADB
[2026-05-09 20:19:53] [INFO] [ShopBot] 购买列表 - 书签: True, 神秘奖章: True, 装备: False, 狗粮: False
[2026-05-09 20:19:53] [INFO] [ShopBot] 刷新上限: 200, 天空石阈值: 0, 金币阈值: 0
[2026-05-09 20:19:53] [INFO] [ShopBot] 正在连接设备 127.0.0.1:16384（第 1/3 次）
[2026-05-09 20:19:53] [INFO] [ShopBot] ShopBot 已启动
[2026-05-09 20:19:55] [INFO] [ShopBot] 设备连接成功: 127.0.0.1:16384
[2026-05-09 20:19:55] [INFO] [ShopBot] 开始导航至秘密商店（超时 30.0s）
[2026-05-09 20:19:55] [DEBUG] [ShopBot] 大厅检测: 导航顶部=181 内容区=198
[2026-05-09 20:19:55] [INFO] [ShopBot] 场景检测: 游戏大厅
[2026-05-09 20:19:55] [INFO] [ShopBot] 从大厅点击左侧导航栏的秘密商店入口
[2026-05-09 20:19:55] [INFO] [ShopBot] 点击 (53, 316) @ SECRET_SHOP_ENTRANCE_BTN
[2026-05-09 20:19:57] [DEBUG] [ShopBot] 秘密商店检测: 导航顶部=51 导航中部=216 内容区=62
[2026-05-09 20:19:57] [INFO] [ShopBot] 场景检测: 秘密商店
[2026-05-09 20:19:57] [INFO] [ShopBot] 已到达秘密商店
[2026-05-09 20:19:57] [INFO] [ShopBot] ===== 第 1 轮 =====
[2026-05-09 20:19:57] [INFO] [ShopBot] 开始识别完整货架
[2026-05-09 20:19:57] [INFO] [ShopBot] 动态检测到 4 个物品行: [(80, 187), (240, 331), (383, 477), (528, 620)]
[2026-05-09 20:19:57] [INFO] [ShopBot] 保存未知价格图片: unknown_0020.png
[2026-05-09 20:19:57] [INFO] [ShopBot] 物品 0 (y=80-187, icon_x=260-330): bookmark (置信度 0.72), 货币 gold (置信度 0.89), 价格 0
[2026-05-09 20:19:57] [INFO] [ShopBot] 保存未知价格图片: unknown_0021.png
[2026-05-09 20:19:57] [INFO] [ShopBot] 物品 1 (y=240-331, icon_x=280-350): equipment (置信度 0.72), 货币 gold (置信度 0.95), 价格 0
[2026-05-09 20:19:57] [INFO] [ShopBot] 保存未知价格图片: unknown_0022.png
[2026-05-09 20:19:57] [INFO] [ShopBot] 物品 2 (y=383-477, icon_x=390-460): equipment (置信度 0.72), 货币 gold (置信度 0.93), 价格 0
[2026-05-09 20:19:57] [INFO] [ShopBot] 保存未知价格图片: unknown_0023.png
[2026-05-09 20:19:57] [INFO] [ShopBot] 物品 3 (y=528-620, icon_x=420-490): unknown (置信度 0.35), 货币 gold (置信度 0.93), 价格 0
[2026-05-09 20:19:57] [INFO] [ShopBot] 滑动 (640, 400) -> (640, 150), 时长 0.3s
[2026-05-09 20:19:59] [DEBUG] [ShopBot] 底部检测相似度: 0.8733
[2026-05-09 20:19:59] [INFO] [ShopBot] 保存未知价格图片: unknown_0024.png
[2026-05-09 20:19:59] [INFO] [ShopBot] 保存未知价格图片: unknown_0025.png
[2026-05-09 20:19:59] [INFO] [ShopBot] 保存未知价格图片: unknown_0026.png
[2026-05-09 20:19:59] [INFO] [ShopBot] 第 1 次滑动，识别到 3 个物品
[2026-05-09 20:19:59] [INFO] [ShopBot] 滑动 (640, 400) -> (640, 150), 时长 0.3s
[2026-05-09 20:20:01] [DEBUG] [ShopBot] 底部检测相似度: 0.9690
[2026-05-09 20:20:01] [INFO] [ShopBot] 已到达货架底部（第 2 次滑动后）
[2026-05-09 20:20:01] [INFO] [ShopBot] 货架识别完成，共 4 个物品
[2026-05-09 20:20:01] [INFO] [ShopBot] 开始购买: bookmark, 价格: 0
[2026-05-09 20:20:01] [INFO] [ShopBot] 点击 (1210, 104) @ BUY_bookmark_0
[2026-05-09 20:20:04] [WARNING] [ShopBot] 确认弹窗未出现，重试点击: bookmark
[2026-05-09 20:20:04] [INFO] [ShopBot] 点击 (1195, 135) @ BUY_bookmark_0
[2026-05-09 20:20:05] [WARNING] [ShopBot] 购买失败 - bookmark: 确认弹窗未出现
[2026-05-09 20:20:05] [INFO] [ShopBot] 购买结果 - bookmark: 失败 (确认弹窗未出现), 价格: 0
[2026-05-09 20:20:06] [INFO] [ShopBot] 跳过物品: equipment (未在购买列表中)
[2026-05-09 20:20:06] [INFO] [ShopBot] 跳过物品: equipment (未在购买列表中)
[2026-05-09 20:20:06] [INFO] [ShopBot] 跳过物品: unknown (未在购买列表中)
[2026-05-09 20:20:06] [INFO] [ShopBot] 货架处理完成，共购买 1 个物品
[2026-05-09 20:20:06] [INFO] [ShopBot] Loading OCR dependencies
[2026-05-09 20:20:06] [WARNING] [ShopBot] OCR 天空石识别失败: No module named 'cnocr'
[2026-05-09 20:20:06] [INFO] [ShopBot] 点击刷新按钮（第 1 次）
[2026-05-09 20:20:06] [INFO] [ShopBot] 点击 (219, 684) @ REFRESH_BTN
[2026-05-09 20:20:10] [WARNING] [ShopBot] 刷新确认弹窗未出现（第 1 次）
[2026-05-09 20:20:10] [INFO] [ShopBot] 点击刷新按钮（第 2 次）
[2026-05-09 20:20:10] [INFO] [ShopBot] 点击 (197, 674) @ REFRESH_BTN
[2026-05-09 20:20:14] [WARNING] [ShopBot] 刷新确认弹窗未出现（第 2 次）
[2026-05-09 20:20:14] [ERROR] [ShopBot] 刷新失败，已重试 2 次
[2026-05-09 20:20:14] [ERROR] [ShopBot] 刷新货架失败，终止运行
[2026-05-09 20:20:14] [INFO] [ShopBot] ========== 运行统计 ==========
[2026-05-09 20:20:14] [INFO] [ShopBot] 总刷新次数: 0
[2026-05-09 20:20:14] [INFO] [ShopBot] 购买书签: 0
[2026-05-09 20:20:14] [INFO] [ShopBot] 购买神秘奖章: 0
[2026-05-09 20:20:14] [INFO] [ShopBot] 购买装备: 0
[2026-05-09 20:20:14] [INFO] [ShopBot] 天空石消耗: 0
[2026-05-09 20:20:14] [INFO] [ShopBot] 天空石余量: 0
[2026-05-09 20:20:14] [INFO] [ShopBot] ==============================
[2026-05-09 20:20:14] [INFO] [ShopBot] ShopBot 已停止
[2026-05-09 20:20:14] [INFO] [ShopBot] 程序退出
[2026-05-09 20:28:36] [INFO] [ShopBot] 配置已加载 - 设备: 127.0.0.1:16384, 截图: ADB, 控制: ADB
[2026-05-09 20:28:36] [INFO] [ShopBot] 购买列表 - 书签: True, 神秘奖章: True, 装备: False, 狗粮: False
[2026-05-09 20:28:36] [INFO] [ShopBot] 刷新上限: 200, 天空石阈值: 0, 金币阈值: 0
[2026-05-09 20:28:36] [INFO] [ShopBot] 正在连接设备 127.0.0.1:16384（第 1/3 次）
[2026-05-09 20:28:36] [INFO] [ShopBot] ShopBot 已启动
[2026-05-09 20:28:36] [INFO] [ShopBot] 设备连接成功: 127.0.0.1:16384
[2026-05-09 20:28:36] [INFO] [ShopBot] 开始导航至秘密商店（超时 30.0s）
[2026-05-09 20:28:36] [DEBUG] [ShopBot] 秘密商店检测: 导航顶部=51 导航中部=205 内容区=57
[2026-05-09 20:28:36] [INFO] [ShopBot] 场景检测: 秘密商店
[2026-05-09 20:28:36] [INFO] [ShopBot] 已到达秘密商店
[2026-05-09 20:28:36] [INFO] [ShopBot] ===== 第 1 轮 =====
[2026-05-09 20:28:36] [INFO] [ShopBot] 开始识别完整货架
[2026-05-09 20:28:37] [INFO] [ShopBot] 动态检测到 3 个物品行: [(154, 260), (311, 405), (458, 550)]
[2026-05-09 20:28:37] [INFO] [ShopBot] 保存未知价格图片: unknown_0027.png
[2026-05-09 20:28:37] [INFO] [ShopBot] 物品 0 (y=154-260, icon_x=200-270): bookmark (置信度 0.81), 货币 gold (置信度 0.92), 价格 0
[2026-05-09 20:28:37] [INFO] [ShopBot] 保存未知价格图片: unknown_0028.png
[2026-05-09 20:28:37] [INFO] [ShopBot] 物品 1 (y=311-405, icon_x=280-350): equipment (置信度 0.79), 货币 gold (置信度 0.93), 价格 0
[2026-05-09 20:28:37] [INFO] [ShopBot] 保存未知价格图片: unknown_0029.png
[2026-05-09 20:28:37] [INFO] [ShopBot] 物品 2 (y=458-550, icon_x=210-280): equipment (置信度 0.77), 货币 gold (置信度 0.95), 价格 0
[2026-05-09 20:28:37] [INFO] [ShopBot] 滑动 (640, 400) -> (640, 150), 时长 0.3s
[2026-05-09 20:28:38] [DEBUG] [ShopBot] 底部检测相似度: 0.9885
[2026-05-09 20:28:38] [INFO] [ShopBot] 已到达货架底部（第 1 次滑动后）
[2026-05-09 20:28:38] [INFO] [ShopBot] 货架识别完成，共 3 个物品
[2026-05-09 20:28:38] [INFO] [ShopBot] 开始购买: bookmark, 价格: 0
[2026-05-09 20:28:38] [INFO] [ShopBot] 点击 (1198, 178) @ BUY_bookmark_0
[2026-05-09 20:28:42] [WARNING] [ShopBot] 确认弹窗未出现，重试点击: bookmark
[2026-05-09 20:28:42] [INFO] [ShopBot] 点击 (1200, 189) @ BUY_bookmark_0
[2026-05-09 20:28:43] [WARNING] [ShopBot] 购买失败 - bookmark: 确认弹窗未出现
[2026-05-09 20:28:43] [INFO] [ShopBot] 购买结果 - bookmark: 失败 (确认弹窗未出现), 价格: 0
[2026-05-09 20:28:44] [INFO] [ShopBot] 跳过物品: equipment (未在购买列表中)
[2026-05-09 20:28:44] [INFO] [ShopBot] 跳过物品: equipment (未在购买列表中)
[2026-05-09 20:28:44] [INFO] [ShopBot] 货架处理完成，共购买 1 个物品
[2026-05-09 20:28:44] [INFO] [ShopBot] Loading OCR dependencies
[2026-05-09 20:28:48] [WARNING] [ShopBot] OCR 天空石识别失败: cannot import name 'check_model_name' from 'cnocr.cn_ocr' (D:\software\7th\.venv\Lib\site-packages\cnocr\cn_ocr.py)
[2026-05-09 20:28:48] [INFO] [ShopBot] 点击刷新按钮（第 1 次）
[2026-05-09 20:28:48] [INFO] [ShopBot] 点击 (235, 683) @ REFRESH_BTN
[2026-05-09 20:28:48] [INFO] [ShopBot] 检测到刷新确认弹窗，点击确认
[2026-05-09 20:28:48] [INFO] [ShopBot] 点击 (708, 491) @ REFRESH_CONFIRM
[2026-05-09 20:28:49] [INFO] [ShopBot] 等待货架加载...
[2026-05-09 20:28:51] [INFO] [ShopBot] ===== 第 2 轮 =====
[2026-05-09 20:28:51] [INFO] [ShopBot] 开始识别完整货架
[2026-05-09 20:28:52] [INFO] [ShopBot] 动态检测到 4 个物品行: [(80, 187), (238, 332), (383, 477), (529, 620)]
[2026-05-09 20:28:52] [INFO] [ShopBot] 保存未知价格图片: unknown_0030.png
[2026-05-09 20:28:52] [INFO] [ShopBot] 物品 0 (y=80-187, icon_x=260-330): bookmark (置信度 0.68), 货币 gold (置信度 0.89), 价格 0
[2026-05-09 20:28:52] [INFO] [ShopBot] 保存未知价格图片: unknown_0031.png
[2026-05-09 20:28:52] [INFO] [ShopBot] 物品 1 (y=238-332, icon_x=290-360): equipment (置信度 0.75), 货币 gold (置信度 0.93), 价格 0
[2026-05-09 20:28:52] [INFO] [ShopBot] 保存未知价格图片: unknown_0032.png
[2026-05-09 20:28:52] [INFO] [ShopBot] 物品 2 (y=383-477, icon_x=210-280): bookmark (置信度 0.84), 货币 gold (置信度 0.93), 价格 0
[2026-05-09 20:28:52] [INFO] [ShopBot] 保存未知价格图片: unknown_0033.png
[2026-05-09 20:28:52] [INFO] [ShopBot] 物品 3 (y=529-620, icon_x=380-450): bookmark (置信度 0.81), 货币 gold (置信度 0.95), 价格 0
[2026-05-09 20:28:52] [INFO] [ShopBot] 滑动 (640, 400) -> (640, 150), 时长 0.3s
[2026-05-09 20:28:53] [DEBUG] [ShopBot] 底部检测相似度: 0.8600
[2026-05-09 20:28:53] [INFO] [ShopBot] 保存未知价格图片: unknown_0034.png
[2026-05-09 20:28:53] [INFO] [ShopBot] 保存未知价格图片: unknown_0035.png
[2026-05-09 20:28:53] [INFO] [ShopBot] 保存未知价格图片: unknown_0036.png
[2026-05-09 20:28:53] [INFO] [ShopBot] 第 1 次滑动，识别到 3 个物品
[2026-05-09 20:28:53] [INFO] [ShopBot] 滑动 (640, 400) -> (640, 150), 时长 0.3s
[2026-05-09 20:28:55] [DEBUG] [ShopBot] 底部检测相似度: 0.9785
[2026-05-09 20:28:55] [INFO] [ShopBot] 已到达货架底部（第 2 次滑动后）
[2026-05-09 20:28:55] [INFO] [ShopBot] 货架识别完成，共 5 个物品
[2026-05-09 20:28:55] [INFO] [ShopBot] 开始购买: bookmark, 价格: 0
[2026-05-09 20:28:55] [INFO] [ShopBot] 点击 (1179, 131) @ BUY_bookmark_0
[2026-05-09 20:28:58] [WARNING] [ShopBot] 确认弹窗未出现，重试点击: bookmark
[2026-05-09 20:28:58] [INFO] [ShopBot] 点击 (1185, 124) @ BUY_bookmark_0
[2026-05-09 20:29:00] [INFO] [ShopBot] 检测到确认弹窗，点击确认
[2026-05-09 20:29:00] [INFO] [ShopBot] 点击 (398, 507) @ PURCHASE_CONFIRM
[2026-05-09 20:29:01] [INFO] [ShopBot] 购买成功: bookmark, 价格: 0
[2026-05-09 20:29:01] [INFO] [ShopBot] 购买结果 - bookmark: 成功, 价格: 0
[2026-05-09 20:29:02] [INFO] [ShopBot] 跳过物品: equipment (未在购买列表中)
[2026-05-09 20:29:02] [INFO] [ShopBot] 开始购买: bookmark, 价格: 0
[2026-05-09 20:29:02] [INFO] [ShopBot] 点击 (1202, 417) @ BUY_bookmark_2
[2026-05-09 20:29:05] [WARNING] [ShopBot] 确认弹窗未出现，重试点击: bookmark
[2026-05-09 20:29:05] [INFO] [ShopBot] 点击 (1191, 437) @ BUY_bookmark_2
[2026-05-09 20:29:07] [WARNING] [ShopBot] 购买失败 - bookmark: 确认弹窗未出现
[2026-05-09 20:29:07] [INFO] [ShopBot] 购买结果 - bookmark: 失败 (确认弹窗未出现), 价格: 0
[2026-05-09 20:29:08] [INFO] [ShopBot] 开始购买: bookmark, 价格: 0
[2026-05-09 20:29:08] [INFO] [ShopBot] 点击 (1197, 549) @ BUY_bookmark_3
[2026-05-09 20:29:08] [INFO] [ShopBot] 检测到确认弹窗，点击确认
[2026-05-09 20:29:08] [INFO] [ShopBot] 点击 (449, 507) @ PURCHASE_CONFIRM
[2026-05-09 20:29:10] [INFO] [ShopBot] 购买成功: bookmark, 价格: 0
[2026-05-09 20:29:10] [INFO] [ShopBot] 购买结果 - bookmark: 成功, 价格: 0
[2026-05-09 20:29:11] [INFO] [ShopBot] 跳过物品: equipment (未在购买列表中)
[2026-05-09 20:29:11] [INFO] [ShopBot] 货架处理完成，共购买 3 个物品
[2026-05-09 20:29:11] [INFO] [ShopBot] Loading OCR dependencies
[2026-05-09 20:29:11] [WARNING] [ShopBot] OCR 天空石识别失败: cannot import name 'check_model_name' from 'cnocr.cn_ocr' (D:\software\7th\.venv\Lib\site-packages\cnocr\cn_ocr.py)
[2026-05-09 20:29:11] [INFO] [ShopBot] 点击刷新按钮（第 1 次）
[2026-05-09 20:29:11] [INFO] [ShopBot] 点击 (236, 662) @ REFRESH_BTN
[2026-05-09 20:29:12] [INFO] [ShopBot] 检测到刷新确认弹窗，点击确认
[2026-05-09 20:29:12] [INFO] [ShopBot] 点击 (562, 503) @ REFRESH_CONFIRM
[2026-05-09 20:29:12] [INFO] [ShopBot] 等待货架加载...
[2026-05-09 20:29:14] [INFO] [ShopBot] ===== 第 3 轮 =====
[2026-05-09 20:29:14] [INFO] [ShopBot] 开始识别完整货架
[2026-05-09 20:29:14] [INFO] [ShopBot] 动态检测到 0 个物品行: []
[2026-05-09 20:29:14] [INFO] [ShopBot] 滑动 (640, 400) -> (640, 150), 时长 0.3s
[2026-05-09 20:29:16] [DEBUG] [ShopBot] 底部检测相似度: 0.9997
[2026-05-09 20:29:16] [INFO] [ShopBot] 已到达货架底部（第 1 次滑动后）
[2026-05-09 20:29:16] [INFO] [ShopBot] 货架识别完成，共 0 个物品
[2026-05-09 20:29:16] [INFO] [ShopBot] 货架处理完成，共购买 0 个物品
[2026-05-09 20:29:16] [INFO] [ShopBot] Loading OCR dependencies
[2026-05-09 20:29:16] [WARNING] [ShopBot] OCR 天空石识别失败: cannot import name 'check_model_name' from 'cnocr.cn_ocr' (D:\software\7th\.venv\Lib\site-packages\cnocr\cn_ocr.py)
[2026-05-09 20:29:16] [INFO] [ShopBot] 点击刷新按钮（第 1 次）
[2026-05-09 20:29:16] [INFO] [ShopBot] 点击 (241, 673) @ REFRESH_BTN
[2026-05-09 20:29:17] [INFO] [ShopBot] 检测到刷新确认弹窗，点击确认
[2026-05-09 20:29:17] [INFO] [ShopBot] 点击 (748, 498) @ REFRESH_CONFIRM
[2026-05-09 20:29:18] [INFO] [ShopBot] 等待货架加载...
[2026-05-09 20:29:20] [INFO] [ShopBot] ===== 第 4 轮 =====
[2026-05-09 20:29:20] [INFO] [ShopBot] 开始识别完整货架
[2026-05-09 20:29:20] [INFO] [ShopBot] 动态检测到 0 个物品行: []
[2026-05-09 20:29:20] [INFO] [ShopBot] 滑动 (640, 400) -> (640, 150), 时长 0.3s
[2026-05-09 20:29:21] [DEBUG] [ShopBot] 底部检测相似度: 0.9997
[2026-05-09 20:29:21] [INFO] [ShopBot] 已到达货架底部（第 1 次滑动后）
[2026-05-09 20:29:21] [INFO] [ShopBot] 货架识别完成，共 0 个物品
[2026-05-09 20:29:21] [INFO] [ShopBot] 货架处理完成，共购买 0 个物品
[2026-05-09 20:29:22] [INFO] [ShopBot] Loading OCR dependencies
[2026-05-09 20:29:22] [WARNING] [ShopBot] OCR 天空石识别失败: cannot import name 'check_model_name' from 'cnocr.cn_ocr' (D:\software\7th\.venv\Lib\site-packages\cnocr\cn_ocr.py)
[2026-05-09 20:29:22] [INFO] [ShopBot] 点击刷新按钮（第 1 次）
[2026-05-09 20:29:22] [INFO] [ShopBot] 点击 (249, 669) @ REFRESH_BTN
[2026-05-09 20:29:22] [INFO] [ShopBot] 检测到刷新确认弹窗，点击确认
[2026-05-09 20:29:22] [INFO] [ShopBot] 点击 (554, 496) @ REFRESH_CONFIRM
[2026-05-09 20:29:23] [INFO] [ShopBot] 等待货架加载...
[2026-05-09 20:32:21] [INFO] [ShopBot] 配置已加载 - 设备: 127.0.0.1:16384, 截图: ADB, 控制: ADB
[2026-05-09 20:32:21] [INFO] [ShopBot] 购买列表 - 书签: True, 神秘奖章: True, 装备: False, 狗粮: False
[2026-05-09 20:32:21] [INFO] [ShopBot] 刷新上限: 200, 天空石阈值: 0, 金币阈值: 0
[2026-05-09 20:32:21] [INFO] [ShopBot] 正在连接设备 127.0.0.1:16384（第 1/3 次）
[2026-05-09 20:32:21] [INFO] [ShopBot] ShopBot 已启动
[2026-05-09 20:32:21] [INFO] [ShopBot] 设备连接成功: 127.0.0.1:16384
[2026-05-09 20:32:21] [INFO] [ShopBot] 开始导航至秘密商店（超时 30.0s）
[2026-05-09 20:32:21] [DEBUG] [ShopBot] 秘密商店检测: 导航顶部=51 导航中部=203 内容区=64
[2026-05-09 20:32:21] [INFO] [ShopBot] 场景检测: 秘密商店
[2026-05-09 20:32:21] [INFO] [ShopBot] 已到达秘密商店
[2026-05-09 20:32:21] [INFO] [ShopBot] ===== 第 1 轮 =====
[2026-05-09 20:32:21] [INFO] [ShopBot] 开始识别完整货架
[2026-05-09 20:32:21] [INFO] [ShopBot] 动态检测到 3 个物品行: [(154, 260), (313, 405), (456, 550)]
[2026-05-09 20:32:22] [INFO] [ShopBot] 保存未知价格图片: unknown_0037.png
[2026-05-09 20:32:22] [INFO] [ShopBot] 物品 0 (y=154-260, icon_x=200-270): bookmark (置信度 0.80), 货币 gold (置信度 0.92), 价格 0
[2026-05-09 20:32:22] [INFO] [ShopBot] 保存未知价格图片: unknown_0038.png
[2026-05-09 20:32:22] [INFO] [ShopBot] 物品 1 (y=313-405, icon_x=370-440): equipment (置信度 0.77), 货币 gold (置信度 0.95), 价格 0
[2026-05-09 20:32:22] [INFO] [ShopBot] 保存未知价格图片: unknown_0039.png
[2026-05-09 20:32:22] [INFO] [ShopBot] 物品 2 (y=456-550, icon_x=210-280): equipment (置信度 0.73), 货币 gold (置信度 0.93), 价格 0
[2026-05-09 20:32:22] [INFO] [ShopBot] 滑动 (640, 400) -> (640, 150), 时长 0.3s
[2026-05-09 20:32:23] [DEBUG] [ShopBot] 底部检测相似度: 0.9784
[2026-05-09 20:32:23] [INFO] [ShopBot] 已到达货架底部（第 1 次滑动后）
[2026-05-09 20:32:23] [INFO] [ShopBot] 货架识别完成，共 3 个物品
[2026-05-09 20:32:23] [INFO] [ShopBot] 开始购买: bookmark, 价格: 0
[2026-05-09 20:32:23] [INFO] [ShopBot] 点击 (1159, 219) @ BUY_bookmark_0
[2026-05-09 20:32:24] [INFO] [ShopBot] 检测到确认弹窗，点击确认
[2026-05-09 20:32:24] [INFO] [ShopBot] 点击 (430, 496) @ PURCHASE_CONFIRM
[2026-05-09 20:32:26] [INFO] [ShopBot] 购买成功: bookmark, 价格: 0
[2026-05-09 20:32:26] [INFO] [ShopBot] 购买结果 - bookmark: 成功, 价格: 0
[2026-05-09 20:32:26] [INFO] [ShopBot] 跳过物品: equipment (未在购买列表中)
[2026-05-09 20:32:26] [INFO] [ShopBot] 跳过物品: equipment (未在购买列表中)
[2026-05-09 20:32:26] [INFO] [ShopBot] 货架处理完成，共购买 1 个物品
[2026-05-09 20:32:27] [INFO] [ShopBot] Loading OCR dependencies
[2026-05-09 20:32:30] [WARNING] [ShopBot] OCR 天空石识别失败: cannot import name 'check_model_name' from 'cnocr.cn_ocr' (D:\software\7th\.venv\Lib\site-packages\cnocr\cn_ocr.py)
[2026-05-09 20:32:30] [INFO] [ShopBot] 点击刷新按钮（第 1 次）
[2026-05-09 20:32:30] [INFO] [ShopBot] 点击 (219, 658) @ REFRESH_BTN
[2026-05-09 20:32:30] [INFO] [ShopBot] 检测到刷新确认弹窗，点击确认
[2026-05-09 20:32:30] [INFO] [ShopBot] 点击 (748, 505) @ REFRESH_CONFIRM
[2026-05-09 20:32:31] [INFO] [ShopBot] 等待货架加载...
[2026-05-09 20:32:33] [INFO] [ShopBot] ===== 第 2 轮 =====
[2026-05-09 20:32:33] [INFO] [ShopBot] 开始识别完整货架
[2026-05-09 20:32:33] [INFO] [ShopBot] 动态检测到 0 个物品行: []
[2026-05-09 20:32:33] [INFO] [ShopBot] 滑动 (640, 400) -> (640, 150), 时长 0.3s
[2026-05-09 20:32:35] [DEBUG] [ShopBot] 底部检测相似度: 0.9998
[2026-05-09 20:32:35] [INFO] [ShopBot] 已到达货架底部（第 1 次滑动后）
[2026-05-09 20:32:35] [INFO] [ShopBot] 货架识别完成，共 0 个物品
[2026-05-09 20:32:35] [INFO] [ShopBot] 货架处理完成，共购买 0 个物品
[2026-05-09 20:32:35] [INFO] [ShopBot] Loading OCR dependencies
[2026-05-09 20:32:35] [WARNING] [ShopBot] OCR 天空石识别失败: cannot import name 'check_model_name' from 'cnocr.cn_ocr' (D:\software\7th\.venv\Lib\site-packages\cnocr\cn_ocr.py)
[2026-05-09 20:32:35] [INFO] [ShopBot] 点击刷新按钮（第 1 次）
[2026-05-09 20:32:35] [INFO] [ShopBot] 点击 (190, 682) @ REFRESH_BTN
[2026-05-09 20:32:36] [INFO] [ShopBot] 检测到刷新确认弹窗，点击确认
[2026-05-09 20:32:36] [INFO] [ShopBot] 点击 (684, 498) @ REFRESH_CONFIRM
[2026-05-09 20:32:37] [INFO] [ShopBot] 等待货架加载...
[2026-05-09 20:32:39] [INFO] [ShopBot] ===== 第 3 轮 =====
[2026-05-09 20:32:39] [INFO] [ShopBot] 开始识别完整货架
[2026-05-09 20:32:39] [INFO] [ShopBot] 动态检测到 0 个物品行: []
[2026-05-09 20:32:39] [INFO] [ShopBot] 滑动 (640, 400) -> (640, 150), 时长 0.3s
[2026-05-09 20:32:40] [DEBUG] [ShopBot] 底部检测相似度: 0.9997
[2026-05-09 20:32:40] [INFO] [ShopBot] 已到达货架底部（第 1 次滑动后）
[2026-05-09 20:32:40] [INFO] [ShopBot] 货架识别完成，共 0 个物品
[2026-05-09 20:32:40] [INFO] [ShopBot] 货架处理完成，共购买 0 个物品
[2026-05-09 20:32:41] [INFO] [ShopBot] Loading OCR dependencies
[2026-05-09 20:32:41] [WARNING] [ShopBot] OCR 天空石识别失败: cannot import name 'check_model_name' from 'cnocr.cn_ocr' (D:\software\7th\.venv\Lib\site-packages\cnocr\cn_ocr.py)
[2026-05-09 20:32:41] [INFO] [ShopBot] 点击刷新按钮（第 1 次）
[2026-05-09 20:32:41] [INFO] [ShopBot] 点击 (232, 674) @ REFRESH_BTN
[2026-05-09 20:32:41] [INFO] [ShopBot] 检测到刷新确认弹窗，点击确认
[2026-05-09 20:32:41] [INFO] [ShopBot] 点击 (440, 501) @ REFRESH_CONFIRM
[2026-05-09 20:32:42] [INFO] [ShopBot] 等待货架加载...
[2026-05-09 20:32:44] [INFO] [ShopBot] ===== 第 4 轮 =====
[2026-05-09 20:32:44] [INFO] [ShopBot] 开始识别完整货架
[2026-05-09 20:32:44] [INFO] [ShopBot] 动态检测到 0 个物品行: []
[2026-05-09 20:32:44] [INFO] [ShopBot] 滑动 (640, 400) -> (640, 150), 时长 0.3s
[2026-05-09 20:32:46] [DEBUG] [ShopBot] 底部检测相似度: 0.9997
[2026-05-09 20:32:46] [INFO] [ShopBot] 已到达货架底部（第 1 次滑动后）
[2026-05-09 20:32:46] [INFO] [ShopBot] 货架识别完成，共 0 个物品
[2026-05-09 20:32:46] [INFO] [ShopBot] 货架处理完成，共购买 0 个物品
[2026-05-09 20:32:46] [INFO] [ShopBot] Loading OCR dependencies
[2026-05-09 20:32:46] [WARNING] [ShopBot] OCR 天空石识别失败: cannot import name 'check_model_name' from 'cnocr.cn_ocr' (D:\software\7th\.venv\Lib\site-packages\cnocr\cn_ocr.py)
[2026-05-09 20:32:46] [INFO] [ShopBot] 点击刷新按钮（第 1 次）
[2026-05-09 20:32:46] [INFO] [ShopBot] 点击 (182, 671) @ REFRESH_BTN
[2026-05-09 20:32:47] [INFO] [ShopBot] 检测到刷新确认弹窗，点击确认
[2026-05-09 20:32:47] [INFO] [ShopBot] 点击 (526, 499) @ REFRESH_CONFIRM
[2026-05-09 20:32:48] [INFO] [ShopBot] 等待货架加载...
[2026-05-09 20:32:50] [INFO] [ShopBot] ===== 第 5 轮 =====
[2026-05-09 20:32:50] [INFO] [ShopBot] 开始识别完整货架
[2026-05-09 20:32:50] [INFO] [ShopBot] 动态检测到 0 个物品行: []
[2026-05-09 20:32:50] [INFO] [ShopBot] 滑动 (640, 400) -> (640, 150), 时长 0.3s
[2026-05-09 20:32:51] [DEBUG] [ShopBot] 底部检测相似度: 0.9996
[2026-05-09 20:32:51] [INFO] [ShopBot] 已到达货架底部（第 1 次滑动后）
[2026-05-09 20:32:51] [INFO] [ShopBot] 货架识别完成，共 0 个物品
[2026-05-09 20:32:51] [INFO] [ShopBot] 货架处理完成，共购买 0 个物品
[2026-05-09 20:32:52] [INFO] [ShopBot] Loading OCR dependencies
[2026-05-09 20:32:52] [WARNING] [ShopBot] OCR 天空石识别失败: cannot import name 'check_model_name' from 'cnocr.cn_ocr' (D:\software\7th\.venv\Lib\site-packages\cnocr\cn_ocr.py)
[2026-05-09 20:32:52] [INFO] [ShopBot] 点击刷新按钮（第 1 次）
[2026-05-09 20:32:52] [INFO] [ShopBot] 点击 (201, 669) @ REFRESH_BTN
[2026-05-09 20:32:52] [INFO] [ShopBot] 检测到刷新确认弹窗，点击确认
[2026-05-09 20:32:52] [INFO] [ShopBot] 点击 (634, 497) @ REFRESH_CONFIRM
[2026-05-09 20:32:53] [INFO] [ShopBot] 等待货架加载...
[2026-05-09 20:32:55] [INFO] [ShopBot] ===== 第 6 轮 =====
[2026-05-09 20:32:55] [INFO] [ShopBot] 开始识别完整货架
[2026-05-09 20:32:56] [INFO] [ShopBot] 动态检测到 3 个物品行: [(154, 260), (313, 405), (456, 550)]
[2026-05-09 20:32:56] [INFO] [ShopBot] 保存未知价格图片: unknown_0040.png
[2026-05-09 20:32:56] [INFO] [ShopBot] 物品 0 (y=154-260, icon_x=200-270): bookmark (置信度 0.84), 货币 gold (置信度 0.92), 价格 0
[2026-05-09 20:32:56] [INFO] [ShopBot] 保存未知价格图片: unknown_0041.png
[2026-05-09 20:32:56] [INFO] [ShopBot] 物品 1 (y=313-405, icon_x=270-340): unknown (置信度 0.35), 货币 gold (置信度 0.95), 价格 0
[2026-05-09 20:32:56] [INFO] [ShopBot] 保存未知价格图片: unknown_0042.png
[2026-05-09 20:32:56] [INFO] [ShopBot] 物品 2 (y=456-550, icon_x=210-280): bookmark (置信度 0.72), 货币 gold (置信度 0.93), 价格 0
[2026-05-09 20:32:56] [INFO] [ShopBot] 滑动 (640, 400) -> (640, 150), 时长 0.3s
[2026-05-09 20:32:57] [DEBUG] [ShopBot] 底部检测相似度: 0.9889
[2026-05-09 20:32:57] [INFO] [ShopBot] 已到达货架底部（第 1 次滑动后）
[2026-05-09 20:32:57] [INFO] [ShopBot] 货架识别完成，共 3 个物品
[2026-05-09 20:32:57] [INFO] [ShopBot] 开始购买: bookmark, 价格: 0
[2026-05-09 20:32:57] [INFO] [ShopBot] 点击 (1149, 212) @ BUY_bookmark_0
[2026-05-09 20:32:58] [INFO] [ShopBot] 检测到确认弹窗，点击确认
[2026-05-09 20:32:58] [INFO] [ShopBot] 点击 (428, 494) @ PURCHASE_CONFIRM
[2026-05-09 20:33:00] [INFO] [ShopBot] 购买成功: bookmark, 价格: 0
[2026-05-09 20:33:00] [INFO] [ShopBot] 购买结果 - bookmark: 成功, 价格: 0
[2026-05-09 20:33:00] [INFO] [ShopBot] 跳过物品: unknown (未在购买列表中)
[2026-05-09 20:33:00] [INFO] [ShopBot] 开始购买: bookmark, 价格: 0
[2026-05-09 20:33:00] [INFO] [ShopBot] 点击 (1145, 511) @ BUY_bookmark_2
[2026-05-09 20:35:03] [INFO] [ShopBot] 配置已加载 - 设备: 127.0.0.1:16384, 截图: ADB, 控制: ADB
[2026-05-09 20:35:03] [INFO] [ShopBot] 购买列表 - 书签: True, 神秘奖章: True, 装备: False, 狗粮: False
[2026-05-09 20:35:03] [INFO] [ShopBot] 刷新上限: 200, 天空石阈值: 0, 金币阈值: 0
[2026-05-09 20:35:03] [INFO] [ShopBot] 正在连接设备 127.0.0.1:16384（第 1/3 次）
[2026-05-09 20:35:03] [INFO] [ShopBot] ShopBot 已启动
[2026-05-09 20:35:03] [INFO] [ShopBot] 设备连接成功: 127.0.0.1:16384
[2026-05-09 20:35:03] [INFO] [ShopBot] 开始导航至秘密商店（超时 30.0s）
[2026-05-09 20:35:03] [DEBUG] [ShopBot] 秘密商店检测: 导航顶部=9 导航中部=19 内容区=34
[2026-05-09 20:35:03] [DEBUG] [ShopBot] 大厅检测: 导航顶部=9 内容区=34
[2026-05-09 20:35:03] [WARNING] [ShopBot] 场景检测: 未知界面
[2026-05-09 20:35:03] [WARNING] [ShopBot] 界面无法识别且无弹窗，等待后重试
[2026-05-09 20:35:05] [DEBUG] [ShopBot] 秘密商店检测: 导航顶部=9 导航中部=19 内容区=34
[2026-05-09 20:35:05] [DEBUG] [ShopBot] 大厅检测: 导航顶部=9 内容区=34
[2026-05-09 20:35:05] [WARNING] [ShopBot] 场景检测: 未知界面
[2026-05-09 20:35:05] [WARNING] [ShopBot] 界面无法识别且无弹窗，等待后重试
[2026-05-09 20:35:07] [DEBUG] [ShopBot] 秘密商店检测: 导航顶部=9 导航中部=19 内容区=34
[2026-05-09 20:35:07] [DEBUG] [ShopBot] 大厅检测: 导航顶部=9 内容区=34
[2026-05-09 20:35:07] [WARNING] [ShopBot] 场景检测: 未知界面
[2026-05-09 20:35:07] [WARNING] [ShopBot] 界面无法识别且无弹窗，等待后重试
[2026-05-09 20:35:09] [DEBUG] [ShopBot] 秘密商店检测: 导航顶部=9 导航中部=19 内容区=34
[2026-05-09 20:35:09] [DEBUG] [ShopBot] 大厅检测: 导航顶部=9 内容区=34
[2026-05-09 20:35:09] [WARNING] [ShopBot] 场景检测: 未知界面
[2026-05-09 20:35:09] [WARNING] [ShopBot] 界面无法识别且无弹窗，等待后重试
[2026-05-09 20:35:11] [DEBUG] [ShopBot] 秘密商店检测: 导航顶部=9 导航中部=19 内容区=34
[2026-05-09 20:35:11] [DEBUG] [ShopBot] 大厅检测: 导航顶部=9 内容区=34
[2026-05-09 20:35:11] [WARNING] [ShopBot] 场景检测: 未知界面
[2026-05-09 20:35:11] [WARNING] [ShopBot] 界面无法识别且无弹窗，等待后重试
[2026-05-09 20:35:12] [DEBUG] [ShopBot] 秘密商店检测: 导航顶部=9 导航中部=19 内容区=34
[2026-05-09 20:35:12] [DEBUG] [ShopBot] 大厅检测: 导航顶部=9 内容区=34
[2026-05-09 20:35:12] [WARNING] [ShopBot] 场景检测: 未知界面
[2026-05-09 20:35:13] [WARNING] [ShopBot] 界面无法识别且无弹窗，等待后重试
[2026-05-09 20:35:14] [DEBUG] [ShopBot] 秘密商店检测: 导航顶部=9 导航中部=19 内容区=34
[2026-05-09 20:35:14] [DEBUG] [ShopBot] 大厅检测: 导航顶部=9 内容区=34
[2026-05-09 20:35:14] [WARNING] [ShopBot] 场景检测: 未知界面
[2026-05-09 20:35:15] [WARNING] [ShopBot] 界面无法识别且无弹窗，等待后重试
[2026-05-09 20:35:16] [DEBUG] [ShopBot] 秘密商店检测: 导航顶部=9 导航中部=19 内容区=34
[2026-05-09 20:35:16] [DEBUG] [ShopBot] 大厅检测: 导航顶部=9 内容区=34
[2026-05-09 20:35:16] [WARNING] [ShopBot] 场景检测: 未知界面
[2026-05-09 20:35:16] [WARNING] [ShopBot] 界面无法识别且无弹窗，等待后重试
[2026-05-09 20:35:18] [DEBUG] [ShopBot] 秘密商店检测: 导航顶部=9 导航中部=19 内容区=34
[2026-05-09 20:35:18] [DEBUG] [ShopBot] 大厅检测: 导航顶部=9 内容区=34
[2026-05-09 20:35:18] [WARNING] [ShopBot] 场景检测: 未知界面
[2026-05-09 20:35:18] [WARNING] [ShopBot] 界面无法识别且无弹窗，等待后重试
[2026-05-09 20:35:20] [DEBUG] [ShopBot] 秘密商店检测: 导航顶部=9 导航中部=19 内容区=34
[2026-05-09 20:35:20] [DEBUG] [ShopBot] 大厅检测: 导航顶部=9 内容区=34
[2026-05-09 20:35:20] [WARNING] [ShopBot] 场景检测: 未知界面
[2026-05-09 20:35:20] [WARNING] [ShopBot] 界面无法识别且无弹窗，等待后重试
[2026-05-09 20:35:22] [DEBUG] [ShopBot] 秘密商店检测: 导航顶部=9 导航中部=19 内容区=34
[2026-05-09 20:35:22] [DEBUG] [ShopBot] 大厅检测: 导航顶部=9 内容区=34
[2026-05-09 20:35:22] [WARNING] [ShopBot] 场景检测: 未知界面
[2026-05-09 20:35:22] [WARNING] [ShopBot] 界面无法识别且无弹窗，等待后重试
[2026-05-09 20:35:24] [DEBUG] [ShopBot] 秘密商店检测: 导航顶部=9 导航中部=19 内容区=34
[2026-05-09 20:35:24] [DEBUG] [ShopBot] 大厅检测: 导航顶部=9 内容区=34
[2026-05-09 20:35:24] [WARNING] [ShopBot] 场景检测: 未知界面
[2026-05-09 20:35:24] [WARNING] [ShopBot] 界面无法识别且无弹窗，等待后重试
[2026-05-09 20:35:26] [DEBUG] [ShopBot] 秘密商店检测: 导航顶部=9 导航中部=19 内容区=34
[2026-05-09 20:35:26] [DEBUG] [ShopBot] 大厅检测: 导航顶部=9 内容区=34
[2026-05-09 20:35:26] [WARNING] [ShopBot] 场景检测: 未知界面
[2026-05-09 20:35:26] [WARNING] [ShopBot] 界面无法识别且无弹窗，等待后重试
[2026-05-09 20:35:28] [DEBUG] [ShopBot] 秘密商店检测: 导航顶部=9 导航中部=19 内容区=34
[2026-05-09 20:35:28] [DEBUG] [ShopBot] 大厅检测: 导航顶部=9 内容区=34
[2026-05-09 20:35:28] [WARNING] [ShopBot] 场景检测: 未知界面
[2026-05-09 20:35:28] [WARNING] [ShopBot] 界面无法识别且无弹窗，等待后重试
[2026-05-09 20:35:30] [DEBUG] [ShopBot] 秘密商店检测: 导航顶部=9 导航中部=19 内容区=34
[2026-05-09 20:35:30] [DEBUG] [ShopBot] 大厅检测: 导航顶部=9 内容区=34
[2026-05-09 20:35:30] [WARNING] [ShopBot] 场景检测: 未知界面
[2026-05-09 20:35:30] [WARNING] [ShopBot] 界面无法识别且无弹窗，等待后重试
[2026-05-09 20:35:31] [DEBUG] [ShopBot] 秘密商店检测: 导航顶部=9 导航中部=19 内容区=34
[2026-05-09 20:35:31] [DEBUG] [ShopBot] 大厅检测: 导航顶部=9 内容区=34
[2026-05-09 20:35:31] [WARNING] [ShopBot] 场景检测: 未知界面
[2026-05-09 20:35:32] [WARNING] [ShopBot] 界面无法识别且无弹窗，等待后重试
[2026-05-09 20:35:33] [ERROR] [ShopBot] 导航超时（30.0s），未能到达秘密商店
[2026-05-09 20:35:33] [ERROR] [ShopBot] 导航至秘密商店失败，终止运行
[2026-05-09 20:35:33] [INFO] [ShopBot] ========== 运行统计 ==========
[2026-05-09 20:35:33] [INFO] [ShopBot] 总刷新次数: 0
[2026-05-09 20:35:33] [INFO] [ShopBot] 购买书签: 0
[2026-05-09 20:35:33] [INFO] [ShopBot] 购买神秘奖章: 0
[2026-05-09 20:35:33] [INFO] [ShopBot] 购买装备: 0
[2026-05-09 20:35:33] [INFO] [ShopBot] 天空石消耗: 0
[2026-05-09 20:35:33] [INFO] [ShopBot] 天空石余量: 0
[2026-05-09 20:35:33] [INFO] [ShopBot] ==============================
[2026-05-09 20:35:33] [INFO] [ShopBot] ShopBot 已停止
[2026-05-09 20:35:33] [INFO] [ShopBot] 程序退出
[2026-05-09 20:36:57] [INFO] [ShopBot] 配置已加载 - 设备: 127.0.0.1:16384, 截图: ADB, 控制: ADB
[2026-05-09 20:36:57] [INFO] [ShopBot] 购买列表 - 书签: True, 神秘奖章: True, 装备: False, 狗粮: False
[2026-05-09 20:36:57] [INFO] [ShopBot] 刷新上限: 200, 天空石阈值: 0, 金币阈值: 0
[2026-05-09 20:36:57] [INFO] [ShopBot] 正在连接设备 127.0.0.1:16384（第 1/3 次）
[2026-05-09 20:36:57] [INFO] [ShopBot] ShopBot 已启动
[2026-05-09 20:36:57] [INFO] [ShopBot] 设备连接成功: 127.0.0.1:16384
[2026-05-09 20:36:57] [INFO] [ShopBot] 开始导航至秘密商店（超时 30.0s）
[2026-05-09 20:36:57] [DEBUG] [ShopBot] 秘密商店检测: 导航顶部=51 导航中部=202 内容区=58
[2026-05-09 20:36:57] [INFO] [ShopBot] 场景检测: 秘密商店
[2026-05-09 20:36:57] [INFO] [ShopBot] 已到达秘密商店
[2026-05-09 20:36:57] [INFO] [ShopBot] ===== 第 1 轮 =====
[2026-05-09 20:36:57] [INFO] [ShopBot] 开始识别完整货架
[2026-05-09 20:36:58] [INFO] [ShopBot] 动态检测到 3 个物品行: [(154, 260), (313, 405), (456, 550)]
[2026-05-09 20:36:58] [INFO] [ShopBot] 保存未知价格图片: unknown_0043.png
[2026-05-09 20:36:58] [INFO] [ShopBot] 物品 0 (y=154-260, icon_x=200-270): bookmark (置信度 0.84), 货币 gold (置信度 0.92), 价格 0
[2026-05-09 20:36:58] [INFO] [ShopBot] 保存未知价格图片: unknown_0044.png
[2026-05-09 20:36:58] [INFO] [ShopBot] 物品 1 (y=313-405, icon_x=230-300): equipment (置信度 0.79), 货币 gold (置信度 0.95), 价格 0
[2026-05-09 20:36:58] [INFO] [ShopBot] 保存未知价格图片: unknown_0045.png
[2026-05-09 20:36:58] [INFO] [ShopBot] 物品 2 (y=456-550, icon_x=290-360): equipment (置信度 0.71), 货币 gold (置信度 0.93), 价格 0
[2026-05-09 20:36:58] [INFO] [ShopBot] 滑动 (640, 400) -> (640, 150), 时长 0.3s
[2026-05-09 20:36:59] [DEBUG] [ShopBot] 底部检测相似度: 0.9858
[2026-05-09 20:36:59] [INFO] [ShopBot] 已到达货架底部（第 1 次滑动后）
[2026-05-09 20:36:59] [INFO] [ShopBot] 货架识别完成，共 3 个物品
[2026-05-09 20:36:59] [INFO] [ShopBot] 开始购买: bookmark, 价格: 0
[2026-05-09 20:36:59] [INFO] [ShopBot] 点击 (1167, 233) @ BUY_bookmark_0
[2026-05-09 20:37:00] [INFO] [ShopBot] 检测到确认弹窗，点击确认
[2026-05-09 20:37:00] [INFO] [ShopBot] 点击 (414, 487) @ PURCHASE_CONFIRM
[2026-05-09 20:37:02] [INFO] [ShopBot] 购买成功: bookmark, 价格: 0
[2026-05-09 20:37:02] [INFO] [ShopBot] 购买结果 - bookmark: 成功, 价格: 0
[2026-05-09 20:37:03] [INFO] [ShopBot] 跳过物品: equipment (未在购买列表中)
[2026-05-09 20:37:03] [INFO] [ShopBot] 跳过物品: equipment (未在购买列表中)
[2026-05-09 20:37:03] [INFO] [ShopBot] 货架处理完成，共购买 1 个物品
[2026-05-09 20:37:03] [INFO] [ShopBot] 点击刷新按钮（第 1 次）
[2026-05-09 20:37:03] [INFO] [ShopBot] 点击 (210, 669) @ REFRESH_BTN
[2026-05-09 20:37:03] [INFO] [ShopBot] 检测到刷新确认弹窗，点击确认
[2026-05-09 20:37:03] [INFO] [ShopBot] 点击 (742, 505) @ REFRESH_CONFIRM
[2026-05-09 20:37:04] [INFO] [ShopBot] 等待货架加载...
[2026-05-09 20:37:06] [INFO] [ShopBot] ===== 第 2 轮 =====
[2026-05-09 20:37:06] [INFO] [ShopBot] 开始识别完整货架
[2026-05-09 20:37:06] [INFO] [ShopBot] 动态检测到 0 个物品行: []
[2026-05-09 20:37:06] [INFO] [ShopBot] 滑动 (640, 400) -> (640, 150), 时长 0.3s
[2026-05-09 20:37:08] [DEBUG] [ShopBot] 底部检测相似度: 0.9995
[2026-05-09 20:37:08] [INFO] [ShopBot] 已到达货架底部（第 1 次滑动后）
[2026-05-09 20:37:08] [INFO] [ShopBot] 货架识别完成，共 0 个物品
[2026-05-09 20:37:08] [INFO] [ShopBot] 货架处理完成，共购买 0 个物品
[2026-05-09 20:37:08] [INFO] [ShopBot] 点击刷新按钮（第 1 次）
[2026-05-09 20:37:08] [INFO] [ShopBot] 点击 (143, 669) @ REFRESH_BTN
[2026-05-09 20:37:08] [INFO] [ShopBot] 检测到刷新确认弹窗，点击确认
[2026-05-09 20:37:08] [INFO] [ShopBot] 点击 (484, 498) @ REFRESH_CONFIRM
[2026-05-09 20:37:09] [INFO] [ShopBot] 等待货架加载...
[2026-05-09 20:37:11] [INFO] [ShopBot] ===== 第 3 轮 =====
[2026-05-09 20:37:11] [INFO] [ShopBot] 开始识别完整货架
[2026-05-09 20:37:11] [INFO] [ShopBot] 动态检测到 0 个物品行: []
[2026-05-09 20:37:11] [INFO] [ShopBot] 滑动 (640, 400) -> (640, 150), 时长 0.3s
[2026-05-09 20:37:13] [DEBUG] [ShopBot] 底部检测相似度: 0.9996
[2026-05-09 20:37:13] [INFO] [ShopBot] 已到达货架底部（第 1 次滑动后）
[2026-05-09 20:37:13] [INFO] [ShopBot] 货架识别完成，共 0 个物品
[2026-05-09 20:37:13] [INFO] [ShopBot] 货架处理完成，共购买 0 个物品
[2026-05-09 20:37:13] [INFO] [ShopBot] 点击刷新按钮（第 1 次）
[2026-05-09 20:37:13] [INFO] [ShopBot] 点击 (198, 669) @ REFRESH_BTN
[2026-05-09 20:37:14] [INFO] [ShopBot] 检测到刷新确认弹窗，点击确认
[2026-05-09 20:37:14] [INFO] [ShopBot] 点击 (600, 503) @ REFRESH_CONFIRM
[2026-05-09 20:37:14] [INFO] [ShopBot] 等待货架加载...
[2026-05-09 20:37:16] [INFO] [ShopBot] ===== 第 4 轮 =====
[2026-05-09 20:37:16] [INFO] [ShopBot] 开始识别完整货架
[2026-05-09 20:37:17] [INFO] [ShopBot] 动态检测到 0 个物品行: []
[2026-05-09 20:37:17] [INFO] [ShopBot] 滑动 (640, 400) -> (640, 150), 时长 0.3s
[2026-05-09 20:37:18] [DEBUG] [ShopBot] 底部检测相似度: 0.9996
[2026-05-09 20:37:18] [INFO] [ShopBot] 已到达货架底部（第 1 次滑动后）
[2026-05-09 20:37:18] [INFO] [ShopBot] 货架识别完成，共 0 个物品
[2026-05-09 20:37:18] [INFO] [ShopBot] 货架处理完成，共购买 0 个物品
[2026-05-09 20:37:18] [INFO] [ShopBot] 点击刷新按钮（第 1 次）
[2026-05-09 20:37:18] [INFO] [ShopBot] 点击 (238, 658) @ REFRESH_BTN
[2026-05-09 20:37:19] [INFO] [ShopBot] 检测到刷新确认弹窗，点击确认
[2026-05-09 20:37:19] [INFO] [ShopBot] 点击 (560, 496) @ REFRESH_CONFIRM
[2026-05-09 20:37:20] [INFO] [ShopBot] 等待货架加载...
[2026-05-09 20:37:22] [INFO] [ShopBot] ===== 第 5 轮 =====
[2026-05-09 20:37:22] [INFO] [ShopBot] 开始识别完整货架
[2026-05-09 20:37:22] [INFO] [ShopBot] 动态检测到 3 个物品行: [(154, 260), (313, 405), (456, 550)]
[2026-05-09 20:37:22] [INFO] [ShopBot] 保存未知价格图片: unknown_0046.png
[2026-05-09 20:37:22] [INFO] [ShopBot] 物品 0 (y=154-260, icon_x=200-270): bookmark (置信度 0.84), 货币 gold (置信度 0.92), 价格 0
[2026-05-09 20:37:22] [INFO] [ShopBot] 保存未知价格图片: unknown_0047.png
[2026-05-09 20:37:22] [INFO] [ShopBot] 物品 1 (y=313-405, icon_x=270-340): unknown (置信度 0.35), 货币 gold (置信度 0.95), 价格 0
[2026-05-09 20:37:22] [INFO] [ShopBot] 保存未知价格图片: unknown_0048.png
[2026-05-09 20:37:22] [INFO] [ShopBot] 物品 2 (y=456-550, icon_x=210-280): bookmark (置信度 0.73), 货币 gold (置信度 0.93), 价格 0
[2026-05-09 20:37:22] [INFO] [ShopBot] 滑动 (640, 400) -> (640, 150), 时长 0.3s
[2026-05-09 20:37:24] [DEBUG] [ShopBot] 底部检测相似度: 0.9834
[2026-05-09 20:37:24] [INFO] [ShopBot] 已到达货架底部（第 1 次滑动后）
[2026-05-09 20:37:24] [INFO] [ShopBot] 货架识别完成，共 3 个物品
[2026-05-09 20:37:24] [INFO] [ShopBot] 开始购买: bookmark, 价格: 0
[2026-05-09 20:37:24] [INFO] [ShopBot] 点击 (1169, 226) @ BUY_bookmark_0
[2026-05-09 20:37:24] [INFO] [ShopBot] 检测到确认弹窗，点击确认
[2026-05-09 20:37:24] [INFO] [ShopBot] 点击 (420, 503) @ PURCHASE_CONFIRM
[2026-05-09 20:37:26] [INFO] [ShopBot] 购买成功: bookmark, 价格: 0
[2026-05-09 20:37:26] [INFO] [ShopBot] 购买结果 - bookmark: 成功, 价格: 0
[2026-05-09 20:37:27] [INFO] [ShopBot] 跳过物品: unknown (未在购买列表中)
[2026-05-09 20:37:27] [INFO] [ShopBot] 开始购买: bookmark, 价格: 0
[2026-05-09 20:37:27] [INFO] [ShopBot] 点击 (1183, 518) @ BUY_bookmark_2
[2026-05-09 20:37:28] [INFO] [ShopBot] 检测到确认弹窗，点击确认
[2026-05-09 20:37:28] [INFO] [ShopBot] 点击 (393, 484) @ PURCHASE_CONFIRM
[2026-05-09 20:37:29] [INFO] [ShopBot] 购买成功: bookmark, 价格: 0
[2026-05-09 20:37:29] [INFO] [ShopBot] 购买结果 - bookmark: 成功, 价格: 0
[2026-05-09 20:37:30] [INFO] [ShopBot] 货架处理完成，共购买 2 个物品
[2026-05-09 20:37:30] [INFO] [ShopBot] 点击刷新按钮（第 1 次）
[2026-05-09 20:37:30] [INFO] [ShopBot] 点击 (167, 665) @ REFRESH_BTN
[2026-05-09 20:37:31] [INFO] [ShopBot] 检测到刷新确认弹窗，点击确认
[2026-05-09 20:37:31] [INFO] [ShopBot] 点击 (588, 499) @ REFRESH_CONFIRM
[2026-05-09 20:37:32] [INFO] [ShopBot] 等待货架加载...
[2026-05-09 20:37:34] [INFO] [ShopBot] ===== 第 6 轮 =====
[2026-05-09 20:37:34] [INFO] [ShopBot] 开始识别完整货架
[2026-05-09 20:37:34] [INFO] [ShopBot] 动态检测到 0 个物品行: []
[2026-05-09 20:37:34] [INFO] [ShopBot] 滑动 (640, 400) -> (640, 150), 时长 0.3s
[2026-05-09 20:37:36] [DEBUG] [ShopBot] 底部检测相似度: 0.9997
[2026-05-09 20:37:36] [INFO] [ShopBot] 已到达货架底部（第 1 次滑动后）
[2026-05-09 20:37:36] [INFO] [ShopBot] 货架识别完成，共 0 个物品
[2026-05-09 20:37:36] [INFO] [ShopBot] 货架处理完成，共购买 0 个物品
[2026-05-09 20:37:36] [INFO] [ShopBot] 点击刷新按钮（第 1 次）
[2026-05-09 20:37:36] [INFO] [ShopBot] 点击 (167, 670) @ REFRESH_BTN
[2026-05-09 20:37:36] [INFO] [ShopBot] 检测到刷新确认弹窗，点击确认
[2026-05-09 20:37:36] [INFO] [ShopBot] 点击 (685, 500) @ REFRESH_CONFIRM
[2026-05-09 20:37:37] [INFO] [ShopBot] 等待货架加载...
[2026-05-09 20:37:39] [INFO] [ShopBot] ===== 第 7 轮 =====
[2026-05-09 20:37:39] [INFO] [ShopBot] 开始识别完整货架
[2026-05-09 20:37:39] [INFO] [ShopBot] 动态检测到 0 个物品行: []
[2026-05-09 20:37:39] [INFO] [ShopBot] 滑动 (640, 400) -> (640, 150), 时长 0.3s
[2026-05-09 21:03:32] [INFO] [ShopBot] 正在连接设备 127.0.0.1:16384（第 1/3 次）
[2026-05-09 21:03:32] [INFO] [ShopBot] 设备连接成功: 127.0.0.1:16384
[2026-05-09 21:03:33] [INFO] [ShopBot] 动态检测到 3 个物品行: [(154, 260), (313, 405), (456, 550)]
[2026-05-09 21:03:33] [INFO] [ShopBot] 保存未知价格图片: unknown_0049.png
[2026-05-09 21:03:33] [INFO] [ShopBot] 物品 0 (y=154-260, icon_x=280-350): equipment (置信度 0.71), 货币 gold (置信度 0.92), 价格 0
[2026-05-09 21:03:33] [INFO] [ShopBot] 保存未知价格图片: unknown_0050.png
[2026-05-09 21:03:33] [INFO] [ShopBot] 物品 1 (y=313-405, icon_x=310-380): unknown (置信度 0.35), 货币 gold (置信度 0.95), 价格 0
[2026-05-09 21:03:33] [INFO] [ShopBot] 保存未知价格图片: unknown_0051.png
[2026-05-09 21:03:33] [INFO] [ShopBot] 物品 2 (y=456-550, icon_x=305-375): equipment (置信度 0.77), 货币 gold (置信度 0.93), 价格 0
[2026-05-09 21:03:45] [INFO] [ShopBot] 正在连接设备 127.0.0.1:16384（第 1/3 次）
[2026-05-09 21:03:45] [INFO] [ShopBot] ShopBot 已启动
[2026-05-09 21:03:45] [INFO] [ShopBot] 设备连接成功: 127.0.0.1:16384
[2026-05-09 21:03:45] [INFO] [ShopBot] 开始导航至秘密商店（超时 30.0s）
[2026-05-09 21:03:45] [DEBUG] [ShopBot] 秘密商店检测: 导航顶部=51 导航中部=214 内容区=64
[2026-05-09 21:03:45] [INFO] [ShopBot] 场景检测: 秘密商店
[2026-05-09 21:03:45] [INFO] [ShopBot] 已到达秘密商店
[2026-05-09 21:03:45] [INFO] [ShopBot] ===== 第 1 轮 =====
[2026-05-09 21:03:45] [INFO] [ShopBot] 开始识别完整货架
[2026-05-09 21:03:46] [INFO] [ShopBot] 动态检测到 3 个物品行: [(154, 260), (313, 405), (456, 550)]
[2026-05-09 21:03:46] [INFO] [ShopBot] 保存未知价格图片: unknown_0052.png
[2026-05-09 21:03:46] [INFO] [ShopBot] 物品 0 (y=154-260, icon_x=280-350): equipment (置信度 0.70), 货币 gold (置信度 0.92), 价格 0
[2026-05-09 21:03:46] [INFO] [ShopBot] 保存未知价格图片: unknown_0053.png
[2026-05-09 21:03:46] [INFO] [ShopBot] 物品 1 (y=313-405, icon_x=295-365): unknown (置信度 0.35), 货币 gold (置信度 0.95), 价格 0
[2026-05-09 21:03:46] [INFO] [ShopBot] 保存未知价格图片: unknown_0054.png
[2026-05-09 21:03:46] [INFO] [ShopBot] 物品 2 (y=456-550, icon_x=295-365): equipment (置信度 0.74), 货币 gold (置信度 0.93), 价格 0
[2026-05-09 21:03:46] [INFO] [ShopBot] 滑动 (640, 400) -> (640, 150), 时长 0.3s
[2026-05-09 21:03:47] [DEBUG] [ShopBot] 底部检测相似度: 0.9934
[2026-05-09 21:03:47] [INFO] [ShopBot] 已到达货架底部（第 1 次滑动后）
[2026-05-09 21:03:47] [INFO] [ShopBot] 货架识别完成，共 3 个物品
[2026-05-09 21:03:47] [INFO] [ShopBot] 跳过物品: equipment (未在购买列表中)
[2026-05-09 21:03:47] [INFO] [ShopBot] 跳过物品: unknown (未在购买列表中)
[2026-05-09 21:03:47] [INFO] [ShopBot] 跳过物品: equipment (未在购买列表中)
[2026-05-09 21:03:47] [INFO] [ShopBot] 货架处理完成，共购买 0 个物品
[2026-05-09 21:03:47] [INFO] [ShopBot] 点击刷新按钮（第 1 次）
[2026-05-09 21:03:47] [INFO] [ShopBot] 点击 (277, 670) @ REFRESH_BTN
[2026-05-09 21:03:48] [INFO] [ShopBot] 检测到刷新确认弹窗，点击确认
[2026-05-09 21:03:48] [INFO] [ShopBot] 点击 (653, 506) @ REFRESH_CONFIRM
[2026-05-09 21:03:49] [INFO] [ShopBot] 等待货架加载...
[2026-05-09 21:03:51] [INFO] [ShopBot] ===== 第 2 轮 =====
[2026-05-09 21:03:51] [INFO] [ShopBot] 开始识别完整货架
[2026-05-09 21:03:51] [INFO] [ShopBot] 动态检测到 0 个物品行: []
[2026-05-09 21:03:51] [INFO] [ShopBot] 滑动 (640, 400) -> (640, 150), 时长 0.3s
[2026-05-09 21:03:53] [DEBUG] [ShopBot] 底部检测相似度: 0.9997
[2026-05-09 21:03:53] [INFO] [ShopBot] 已到达货架底部（第 1 次滑动后）
[2026-05-09 21:03:53] [INFO] [ShopBot] 货架识别完成，共 0 个物品
[2026-05-09 21:03:53] [INFO] [ShopBot] 货架处理完成，共购买 0 个物品
[2026-05-09 21:03:53] [INFO] [ShopBot] 点击刷新按钮（第 1 次）
[2026-05-09 21:03:53] [INFO] [ShopBot] 点击 (189, 656) @ REFRESH_BTN
[2026-05-09 21:03:53] [INFO] [ShopBot] 检测到刷新确认弹窗，点击确认
[2026-05-09 21:03:53] [INFO] [ShopBot] 点击 (686, 512) @ REFRESH_CONFIRM
[2026-05-09 21:03:54] [INFO] [ShopBot] 等待货架加载...
[2026-05-09 21:03:56] [INFO] [ShopBot] ===== 第 3 轮 =====
[2026-05-09 21:03:56] [INFO] [ShopBot] 开始识别完整货架
[2026-05-09 21:03:56] [INFO] [ShopBot] 动态检测到 0 个物品行: []
[2026-05-09 21:03:56] [INFO] [ShopBot] 滑动 (640, 400) -> (640, 150), 时长 0.3s
[2026-05-09 21:03:58] [DEBUG] [ShopBot] 底部检测相似度: 0.9996
[2026-05-09 21:03:58] [INFO] [ShopBot] 已到达货架底部（第 1 次滑动后）
[2026-05-09 21:03:58] [INFO] [ShopBot] 货架识别完成，共 0 个物品
[2026-05-09 21:03:58] [INFO] [ShopBot] 货架处理完成，共购买 0 个物品
[2026-05-09 21:03:58] [INFO] [ShopBot] 点击刷新按钮（第 1 次）
[2026-05-09 21:03:58] [INFO] [ShopBot] 点击 (229, 671) @ REFRESH_BTN
[2026-05-09 21:03:59] [INFO] [ShopBot] 检测到刷新确认弹窗，点击确认
[2026-05-09 21:03:59] [INFO] [ShopBot] 点击 (580, 506) @ REFRESH_CONFIRM
[2026-05-09 21:03:59] [INFO] [ShopBot] 等待货架加载...
[2026-05-09 21:04:01] [INFO] [ShopBot] ===== 第 4 轮 =====
[2026-05-09 21:04:01] [INFO] [ShopBot] 开始识别完整货架
[2026-05-09 21:04:02] [INFO] [ShopBot] 动态检测到 0 个物品行: []
[2026-05-09 21:04:02] [INFO] [ShopBot] 滑动 (640, 400) -> (640, 150), 时长 0.3s
[2026-05-09 21:04:03] [DEBUG] [ShopBot] 底部检测相似度: 0.9997
[2026-05-09 21:04:03] [INFO] [ShopBot] 已到达货架底部（第 1 次滑动后）
[2026-05-09 21:04:03] [INFO] [ShopBot] 货架识别完成，共 0 个物品
[2026-05-09 21:04:03] [INFO] [ShopBot] 货架处理完成，共购买 0 个物品
[2026-05-09 21:04:03] [INFO] [ShopBot] 点击刷新按钮（第 1 次）
[2026-05-09 21:04:03] [INFO] [ShopBot] 点击 (227, 657) @ REFRESH_BTN
[2026-05-09 21:04:04] [INFO] [ShopBot] 检测到刷新确认弹窗，点击确认
[2026-05-09 21:04:04] [INFO] [ShopBot] 点击 (693, 494) @ REFRESH_CONFIRM
[2026-05-09 21:04:05] [INFO] [ShopBot] 等待货架加载...
[2026-05-09 21:04:07] [INFO] [ShopBot] ===== 第 5 轮 =====
[2026-05-09 21:04:07] [INFO] [ShopBot] 开始识别完整货架
[2026-05-09 21:04:07] [INFO] [ShopBot] 动态检测到 4 个物品行: [(80, 187), (238, 332), (383, 477), (529, 620)]
[2026-05-09 21:04:07] [INFO] [ShopBot] 保存未知价格图片: unknown_0055.png
[2026-05-09 21:04:07] [INFO] [ShopBot] 物品 0 (y=80-187, icon_x=300-370): equipment (置信度 0.68), 货币 gold (置信度 0.89), 价格 0
[2026-05-09 21:04:07] [INFO] [ShopBot] 保存未知价格图片: unknown_0056.png
[2026-05-09 21:04:07] [INFO] [ShopBot] 物品 1 (y=238-332, icon_x=280-350): equipment (置信度 0.72), 货币 gold (置信度 0.93), 价格 0
[2026-05-09 21:04:07] [INFO] [ShopBot] 保存未知价格图片: unknown_0057.png
[2026-05-09 21:04:07] [INFO] [ShopBot] 物品 2 (y=383-477, icon_x=280-350): unknown (置信度 0.35), 货币 gold (置信度 0.93), 价格 0
[2026-05-09 21:04:07] [INFO] [ShopBot] 保存未知价格图片: unknown_0058.png
[2026-05-09 21:04:07] [INFO] [ShopBot] 物品 3 (y=529-620, icon_x=365-435): bookmark (置信度 0.81), 货币 gold (置信度 0.95), 价格 0
[2026-05-09 21:04:07] [INFO] [ShopBot] 滑动 (640, 400) -> (640, 150), 时长 0.3s
[2026-05-09 21:04:09] [DEBUG] [ShopBot] 底部检测相似度: 0.8702
[2026-05-09 21:04:09] [INFO] [ShopBot] 保存未知价格图片: unknown_0059.png
[2026-05-09 21:04:09] [INFO] [ShopBot] 保存未知价格图片: unknown_0060.png
[2026-05-09 21:04:09] [INFO] [ShopBot] 保存未知价格图片: unknown_0061.png
[2026-05-09 21:04:09] [INFO] [ShopBot] 第 1 次滑动，识别到 3 个物品
[2026-05-09 21:04:09] [INFO] [ShopBot] 滑动 (640, 400) -> (640, 150), 时长 0.3s
[2026-05-09 21:04:10] [DEBUG] [ShopBot] 底部检测相似度: 0.9868
[2026-05-09 21:04:10] [INFO] [ShopBot] 已到达货架底部（第 2 次滑动后）
[2026-05-09 21:04:10] [INFO] [ShopBot] 货架识别完成，共 6 个物品
[2026-05-09 21:04:10] [INFO] [ShopBot] 跳过物品: equipment (未在购买列表中)
[2026-05-09 21:04:10] [INFO] [ShopBot] 跳过物品: equipment (未在购买列表中)
[2026-05-09 21:04:10] [INFO] [ShopBot] 跳过物品: unknown (未在购买列表中)
[2026-05-09 21:04:10] [INFO] [ShopBot] 开始购买: bookmark, 价格: 0
[2026-05-09 21:04:10] [INFO] [ShopBot] 点击 (1143, 587) @ BUY_bookmark_3
[2026-05-09 21:04:14] [WARNING] [ShopBot] 确认弹窗未出现，重试点击: bookmark
[2026-05-09 21:04:14] [INFO] [ShopBot] 点击 (1171, 604) @ BUY_bookmark_3
[2026-05-09 21:04:15] [WARNING] [ShopBot] 购买失败 - bookmark: 确认弹窗未出现
[2026-05-09 21:04:15] [INFO] [ShopBot] 购买结果 - bookmark: 失败 (确认弹窗未出现), 价格: 0
[2026-05-09 21:04:16] [INFO] [ShopBot] 跳过物品: unknown (未在购买列表中)
[2026-05-09 21:04:16] [INFO] [ShopBot] 跳过物品: equipment (未在购买列表中)
[2026-05-09 21:04:16] [INFO] [ShopBot] 货架处理完成，共购买 1 个物品
[2026-05-09 21:04:16] [INFO] [ShopBot] 点击刷新按钮（第 1 次）
[2026-05-09 21:04:16] [INFO] [ShopBot] 点击 (182, 658) @ REFRESH_BTN
[2026-05-09 21:04:16] [INFO] [ShopBot] 检测到刷新确认弹窗，点击确认
[2026-05-09 21:04:16] [INFO] [ShopBot] 点击 (543, 504) @ REFRESH_CONFIRM
[2026-05-09 21:04:17] [INFO] [ShopBot] 等待货架加载...
[2026-05-09 21:04:19] [INFO] [ShopBot] ===== 第 6 轮 =====
[2026-05-09 21:04:19] [INFO] [ShopBot] 开始识别完整货架
[2026-05-09 21:04:19] [INFO] [ShopBot] 动态检测到 0 个物品行: []
[2026-05-09 21:04:19] [INFO] [ShopBot] 滑动 (640, 400) -> (640, 150), 时长 0.3s
[2026-05-09 21:04:21] [DEBUG] [ShopBot] 底部检测相似度: 0.9997
[2026-05-09 21:04:21] [INFO] [ShopBot] 已到达货架底部（第 1 次滑动后）
[2026-05-09 21:04:21] [INFO] [ShopBot] 货架识别完成，共 0 个物品
[2026-05-09 21:04:21] [INFO] [ShopBot] 货架处理完成，共购买 0 个物品
[2026-05-09 21:04:21] [INFO] [ShopBot] 点击刷新按钮（第 1 次）
[2026-05-09 21:04:21] [INFO] [ShopBot] 点击 (281, 667) @ REFRESH_BTN
[2026-05-09 21:04:22] [INFO] [ShopBot] 检测到刷新确认弹窗，点击确认
[2026-05-09 21:04:22] [INFO] [ShopBot] 点击 (496, 492) @ REFRESH_CONFIRM
[2026-05-09 21:04:22] [INFO] [ShopBot] 等待货架加载...
[2026-05-09 21:04:24] [INFO] [ShopBot] ===== 第 7 轮 =====
[2026-05-09 21:04:24] [INFO] [ShopBot] 开始识别完整货架
[2026-05-09 21:04:25] [INFO] [ShopBot] 动态检测到 3 个物品行: [(154, 260), (313, 405), (456, 550)]
[2026-05-09 21:04:25] [INFO] [ShopBot] 保存未知价格图片: unknown_0062.png
[2026-05-09 21:04:25] [INFO] [ShopBot] 物品 0 (y=154-260, icon_x=280-350): equipment (置信度 0.70), 货币 gold (置信度 0.92), 价格 0
[2026-05-09 21:04:25] [INFO] [ShopBot] 保存未知价格图片: unknown_0063.png
[2026-05-09 21:04:25] [INFO] [ShopBot] 物品 1 (y=313-405, icon_x=285-355): unknown (置信度 0.35), 货币 gold (置信度 0.95), 价格 0
[2026-05-09 21:04:25] [INFO] [ShopBot] 保存未知价格图片: unknown_0064.png
[2026-05-09 21:04:25] [INFO] [ShopBot] 物品 2 (y=456-550, icon_x=290-360): equipment (置信度 0.79), 货币 gold (置信度 0.93), 价格 0
[2026-05-09 21:04:25] [INFO] [ShopBot] 滑动 (640, 400) -> (640, 150), 时长 0.3s
[2026-05-09 21:04:25] [INFO] [ShopBot] ShopBot 收到停止请求，将在当前循环结束后停止
[2026-05-09 21:04:26] [DEBUG] [ShopBot] 底部检测相似度: 0.9877
[2026-05-09 21:04:26] [INFO] [ShopBot] 已到达货架底部（第 1 次滑动后）
[2026-05-09 21:04:26] [INFO] [ShopBot] 货架识别完成，共 3 个物品
[2026-05-09 21:04:26] [INFO] [ShopBot] 跳过物品: equipment (未在购买列表中)
[2026-05-09 21:04:26] [INFO] [ShopBot] 跳过物品: unknown (未在购买列表中)
[2026-05-09 21:04:26] [INFO] [ShopBot] 跳过物品: equipment (未在购买列表中)
[2026-05-09 21:04:26] [INFO] [ShopBot] 货架处理完成，共购买 0 个物品
[2026-05-09 21:04:26] [INFO] [ShopBot] 收到停止信号，退出主循环
[2026-05-09 21:04:26] [INFO] [ShopBot] ========== 运行统计 ==========
[2026-05-09 21:04:26] [INFO] [ShopBot] 总刷新次数: 6
[2026-05-09 21:04:26] [INFO] [ShopBot] 购买书签: 0
[2026-05-09 21:04:26] [INFO] [ShopBot] 购买神秘奖章: 0
[2026-05-09 21:04:26] [INFO] [ShopBot] 购买装备: 0
[2026-05-09 21:04:26] [INFO] [ShopBot] 天空石消耗: 18
[2026-05-09 21:04:26] [INFO] [ShopBot] 天空石余量: 0
[2026-05-09 21:04:26] [INFO] [ShopBot] ==============================
[2026-05-09 21:04:26] [INFO] [ShopBot] ShopBot 已停止
[2026-05-09 21:06:39] [INFO] [ShopBot] 正在连接设备 127.0.0.1:16384（第 1/3 次）
[2026-05-09 21:06:39] [INFO] [ShopBot] 设备连接成功: 127.0.0.1:16384
[2026-05-09 21:06:50] [INFO] [ShopBot] 正在连接设备 127.0.0.1:16384（第 1/3 次）
[2026-05-09 21:06:50] [INFO] [ShopBot] 设备连接成功: 127.0.0.1:16384
[2026-05-09 21:06:50] [INFO] [ShopBot] 点击 (639, 192) @ TEST_CLICK
[2026-05-09 21:07:52] [INFO] [ShopBot] 正在连接设备 127.0.0.1:16384（第 1/3 次）
[2026-05-09 21:07:52] [INFO] [ShopBot] ShopBot 已启动
[2026-05-09 21:07:52] [INFO] [ShopBot] 设备连接成功: 127.0.0.1:16384
[2026-05-09 21:07:52] [INFO] [ShopBot] 开始导航至秘密商店（超时 30.0s）
[2026-05-09 21:07:53] [DEBUG] [ShopBot] 秘密商店检测: 导航顶部=51 导航中部=213 内容区=63
[2026-05-09 21:07:53] [INFO] [ShopBot] 场景检测: 秘密商店
[2026-05-09 21:07:53] [INFO] [ShopBot] 已到达秘密商店
[2026-05-09 21:07:53] [INFO] [ShopBot] ===== 第 1 轮 =====
[2026-05-09 21:07:53] [INFO] [ShopBot] 开始识别完整货架
[2026-05-09 21:07:53] [INFO] [ShopBot] 动态检测到 3 个物品行: [(154, 260), (313, 405), (456, 550)]
[2026-05-09 21:07:53] [INFO] [ShopBot] 保存未知价格图片: unknown_0065.png
[2026-05-09 21:07:53] [INFO] [ShopBot] 物品 0 (y=154-260, icon_x=280-350): equipment (置信度 0.70), 货币 gold (置信度 0.92), 价格 0
[2026-05-09 21:07:53] [INFO] [ShopBot] 保存未知价格图片: unknown_0066.png
[2026-05-09 21:07:53] [INFO] [ShopBot] 物品 1 (y=313-405, icon_x=300-370): unknown (置信度 0.35), 货币 gold (置信度 0.95), 价格 0
[2026-05-09 21:07:53] [INFO] [ShopBot] 保存未知价格图片: unknown_0067.png
[2026-05-09 21:07:53] [INFO] [ShopBot] 物品 2 (y=456-550, icon_x=290-360): equipment (置信度 0.75), 货币 gold (置信度 0.93), 价格 0
[2026-05-09 21:07:53] [INFO] [ShopBot] 滑动 (640, 400) -> (640, 150), 时长 0.3s
[2026-05-09 21:07:55] [DEBUG] [ShopBot] 底部检测相似度: 0.9899
[2026-05-09 21:07:55] [INFO] [ShopBot] 已到达货架底部（第 1 次滑动后）
[2026-05-09 21:07:55] [INFO] [ShopBot] 货架识别完成，共 3 个物品
[2026-05-09 21:07:55] [INFO] [ShopBot] 跳过物品: equipment (未在购买列表中)
[2026-05-09 21:07:55] [INFO] [ShopBot] 跳过物品: unknown (未在购买列表中)
[2026-05-09 21:07:55] [INFO] [ShopBot] 跳过物品: equipment (未在购买列表中)
[2026-05-09 21:07:55] [INFO] [ShopBot] 货架处理完成，共购买 0 个物品
[2026-05-09 21:07:55] [INFO] [ShopBot] 点击刷新按钮（第 1 次）
[2026-05-09 21:07:55] [INFO] [ShopBot] 点击 (152, 683) @ REFRESH_BTN
[2026-05-09 21:07:55] [INFO] [ShopBot] 检测到刷新确认弹窗，点击确认
[2026-05-09 21:07:55] [INFO] [ShopBot] 点击 (610, 499) @ REFRESH_CONFIRM
[2026-05-09 21:07:56] [INFO] [ShopBot] 等待货架加载...
[2026-05-09 21:07:58] [INFO] [ShopBot] ===== 第 2 轮 =====
[2026-05-09 21:07:58] [INFO] [ShopBot] 开始识别完整货架
[2026-05-09 21:07:58] [INFO] [ShopBot] 动态检测到 0 个物品行: []
[2026-05-09 21:07:58] [INFO] [ShopBot] 滑动 (640, 400) -> (640, 150), 时长 0.3s
[2026-05-09 21:08:00] [DEBUG] [ShopBot] 底部检测相似度: 0.9996
[2026-05-09 21:08:00] [INFO] [ShopBot] 已到达货架底部（第 1 次滑动后）
[2026-05-09 21:08:00] [INFO] [ShopBot] 货架识别完成，共 0 个物品
[2026-05-09 21:08:00] [INFO] [ShopBot] 货架处理完成，共购买 0 个物品
[2026-05-09 21:08:00] [INFO] [ShopBot] 点击刷新按钮（第 1 次）
[2026-05-09 21:08:00] [INFO] [ShopBot] 点击 (223, 681) @ REFRESH_BTN
[2026-05-09 21:08:01] [INFO] [ShopBot] 检测到刷新确认弹窗，点击确认
[2026-05-09 21:08:01] [INFO] [ShopBot] 点击 (583, 497) @ REFRESH_CONFIRM
[2026-05-09 21:08:02] [INFO] [ShopBot] 等待货架加载...
[2026-05-09 21:08:04] [INFO] [ShopBot] ===== 第 3 轮 =====
[2026-05-09 21:08:04] [INFO] [ShopBot] 开始识别完整货架
[2026-05-09 21:08:04] [INFO] [ShopBot] 动态检测到 3 个物品行: [(154, 260), (313, 405), (456, 550)]
[2026-05-09 21:08:04] [INFO] [ShopBot] 保存未知价格图片: unknown_0068.png
[2026-05-09 21:08:04] [INFO] [ShopBot] 物品 0 (y=154-260, icon_x=280-350): equipment (置信度 0.70), 货币 gold (置信度 0.92), 价格 0
[2026-05-09 21:08:04] [INFO] [ShopBot] 保存未知价格图片: unknown_0069.png
[2026-05-09 21:08:04] [INFO] [ShopBot] 物品 1 (y=313-405, icon_x=280-350): equipment (置信度 0.75), 货币 gold (置信度 0.95), 价格 0
[2026-05-09 21:08:04] [INFO] [ShopBot] 保存未知价格图片: unknown_0070.png
[2026-05-09 21:08:04] [INFO] [ShopBot] 物品 2 (y=456-550, icon_x=290-360): equipment (置信度 0.79), 货币 gold (置信度 0.93), 价格 0
[2026-05-09 21:08:04] [INFO] [ShopBot] 滑动 (640, 400) -> (640, 150), 时长 0.3s
[2026-05-09 21:08:06] [DEBUG] [ShopBot] 底部检测相似度: 0.9873
[2026-05-09 21:08:06] [INFO] [ShopBot] 已到达货架底部（第 1 次滑动后）
[2026-05-09 21:08:06] [INFO] [ShopBot] 货架识别完成，共 3 个物品
[2026-05-09 21:08:06] [INFO] [ShopBot] 跳过物品: equipment (未在购买列表中)
[2026-05-09 21:08:06] [INFO] [ShopBot] 跳过物品: equipment (未在购买列表中)
[2026-05-09 21:08:06] [INFO] [ShopBot] 跳过物品: equipment (未在购买列表中)
[2026-05-09 21:08:06] [INFO] [ShopBot] 货架处理完成，共购买 0 个物品
[2026-05-09 21:08:06] [INFO] [ShopBot] 点击刷新按钮（第 1 次）
[2026-05-09 21:08:06] [INFO] [ShopBot] 点击 (181, 662) @ REFRESH_BTN
[2026-05-09 21:08:07] [INFO] [ShopBot] 检测到刷新确认弹窗，点击确认
[2026-05-09 21:08:07] [INFO] [ShopBot] 点击 (620, 509) @ REFRESH_CONFIRM
[2026-05-09 21:08:08] [INFO] [ShopBot] 等待货架加载...
[2026-05-09 21:08:10] [INFO] [ShopBot] ===== 第 4 轮 =====
[2026-05-09 21:08:10] [INFO] [ShopBot] 开始识别完整货架
[2026-05-09 21:08:10] [INFO] [ShopBot] 动态检测到 0 个物品行: []
[2026-05-09 21:08:10] [INFO] [ShopBot] 滑动 (640, 400) -> (640, 150), 时长 0.3s
[2026-05-09 21:08:12] [DEBUG] [ShopBot] 底部检测相似度: 0.9995
[2026-05-09 21:08:12] [INFO] [ShopBot] 已到达货架底部（第 1 次滑动后）
[2026-05-09 21:08:12] [INFO] [ShopBot] 货架识别完成，共 0 个物品
[2026-05-09 21:08:12] [INFO] [ShopBot] 货架处理完成，共购买 0 个物品
[2026-05-09 21:08:12] [INFO] [ShopBot] 点击刷新按钮（第 1 次）
[2026-05-09 21:08:12] [INFO] [ShopBot] 点击 (243, 668) @ REFRESH_BTN
[2026-05-09 21:08:12] [INFO] [ShopBot] 检测到刷新确认弹窗，点击确认
[2026-05-09 21:08:12] [INFO] [ShopBot] 点击 (518, 499) @ REFRESH_CONFIRM
[2026-05-09 21:08:13] [INFO] [ShopBot] 等待货架加载...
[2026-05-09 21:08:15] [INFO] [ShopBot] ===== 第 5 轮 =====
[2026-05-09 21:08:15] [INFO] [ShopBot] 开始识别完整货架
[2026-05-09 21:08:15] [INFO] [ShopBot] 动态检测到 0 个物品行: []
[2026-05-09 21:08:15] [INFO] [ShopBot] 滑动 (640, 400) -> (640, 150), 时长 0.3s
[2026-05-09 21:08:17] [DEBUG] [ShopBot] 底部检测相似度: 0.9996
[2026-05-09 21:08:17] [INFO] [ShopBot] 已到达货架底部（第 1 次滑动后）
[2026-05-09 21:08:17] [INFO] [ShopBot] 货架识别完成，共 0 个物品
[2026-05-09 21:08:17] [INFO] [ShopBot] 货架处理完成，共购买 0 个物品
[2026-05-09 21:08:17] [INFO] [ShopBot] 点击刷新按钮（第 1 次）
[2026-05-09 21:08:17] [INFO] [ShopBot] 点击 (236, 652) @ REFRESH_BTN
[2026-05-09 21:08:18] [INFO] [ShopBot] 检测到刷新确认弹窗，点击确认
[2026-05-09 21:08:18] [INFO] [ShopBot] 点击 (677, 507) @ REFRESH_CONFIRM
[2026-05-09 21:08:18] [INFO] [ShopBot] 等待货架加载...
[2026-05-09 21:08:20] [INFO] [ShopBot] ===== 第 6 轮 =====
[2026-05-09 21:08:20] [INFO] [ShopBot] 开始识别完整货架
[2026-05-09 21:08:21] [INFO] [ShopBot] 动态检测到 0 个物品行: []
[2026-05-09 21:08:21] [INFO] [ShopBot] 滑动 (640, 400) -> (640, 150), 时长 0.3s
[2026-05-09 21:08:22] [DEBUG] [ShopBot] 底部检测相似度: 0.9995
[2026-05-09 21:08:22] [INFO] [ShopBot] 已到达货架底部（第 1 次滑动后）
[2026-05-09 21:08:22] [INFO] [ShopBot] 货架识别完成，共 0 个物品
[2026-05-09 21:08:22] [INFO] [ShopBot] 货架处理完成，共购买 0 个物品
[2026-05-09 21:08:22] [INFO] [ShopBot] 点击刷新按钮（第 1 次）
[2026-05-09 21:08:22] [INFO] [ShopBot] 点击 (111, 664) @ REFRESH_BTN
[2026-05-09 21:08:23] [INFO] [ShopBot] 检测到刷新确认弹窗，点击确认
[2026-05-09 21:08:23] [INFO] [ShopBot] 点击 (506, 505) @ REFRESH_CONFIRM
[2026-05-09 21:08:24] [INFO] [ShopBot] 等待货架加载...
[2026-05-09 21:08:26] [INFO] [ShopBot] ===== 第 7 轮 =====
[2026-05-09 21:08:26] [INFO] [ShopBot] 开始识别完整货架
[2026-05-09 21:08:26] [INFO] [ShopBot] 动态检测到 0 个物品行: []
[2026-05-09 21:08:26] [INFO] [ShopBot] 滑动 (640, 400) -> (640, 150), 时长 0.3s
[2026-05-09 21:08:27] [DEBUG] [ShopBot] 底部检测相似度: 0.9996
[2026-05-09 21:08:27] [INFO] [ShopBot] 已到达货架底部（第 1 次滑动后）
[2026-05-09 21:08:27] [INFO] [ShopBot] 货架识别完成，共 0 个物品
[2026-05-09 21:08:27] [INFO] [ShopBot] 货架处理完成，共购买 0 个物品
[2026-05-09 21:08:27] [INFO] [ShopBot] 点击刷新按钮（第 1 次）
[2026-05-09 21:08:27] [INFO] [ShopBot] 点击 (221, 663) @ REFRESH_BTN
[2026-05-09 21:08:28] [INFO] [ShopBot] 检测到刷新确认弹窗，点击确认
[2026-05-09 21:08:28] [INFO] [ShopBot] 点击 (664, 506) @ REFRESH_CONFIRM
[2026-05-09 21:08:29] [INFO] [ShopBot] 等待货架加载...
[2026-05-09 21:08:31] [INFO] [ShopBot] ===== 第 8 轮 =====
[2026-05-09 21:08:31] [INFO] [ShopBot] 开始识别完整货架
[2026-05-09 21:08:31] [INFO] [ShopBot] 动态检测到 0 个物品行: []
[2026-05-09 21:08:31] [INFO] [ShopBot] 滑动 (640, 400) -> (640, 150), 时长 0.3s
[2026-05-09 21:08:33] [DEBUG] [ShopBot] 底部检测相似度: 0.9997
[2026-05-09 21:08:33] [INFO] [ShopBot] 已到达货架底部（第 1 次滑动后）
[2026-05-09 21:08:33] [INFO] [ShopBot] 货架识别完成，共 0 个物品
[2026-05-09 21:08:33] [INFO] [ShopBot] 货架处理完成，共购买 0 个物品
[2026-05-09 21:08:33] [INFO] [ShopBot] 点击刷新按钮（第 1 次）
[2026-05-09 21:08:33] [INFO] [ShopBot] 点击 (215, 683) @ REFRESH_BTN
[2026-05-09 21:08:34] [INFO] [ShopBot] 检测到刷新确认弹窗，点击确认
[2026-05-09 21:08:34] [INFO] [ShopBot] 点击 (572, 503) @ REFRESH_CONFIRM
[2026-05-09 21:08:34] [INFO] [ShopBot] 等待货架加载...
[2026-05-09 21:08:36] [INFO] [ShopBot] ===== 第 9 轮 =====
[2026-05-09 21:08:36] [INFO] [ShopBot] 开始识别完整货架
[2026-05-09 21:08:36] [INFO] [ShopBot] 动态检测到 0 个物品行: []
[2026-05-09 21:08:36] [INFO] [ShopBot] 滑动 (640, 400) -> (640, 150), 时长 0.3s
[2026-05-09 21:08:38] [DEBUG] [ShopBot] 底部检测相似度: 0.9998
[2026-05-09 21:08:38] [INFO] [ShopBot] 已到达货架底部（第 1 次滑动后）
[2026-05-09 21:08:38] [INFO] [ShopBot] 货架识别完成，共 0 个物品
[2026-05-09 21:08:38] [INFO] [ShopBot] 货架处理完成，共购买 0 个物品
[2026-05-09 21:08:38] [INFO] [ShopBot] 点击刷新按钮（第 1 次）
[2026-05-09 21:08:38] [INFO] [ShopBot] 点击 (156, 662) @ REFRESH_BTN
[2026-05-09 21:08:39] [INFO] [ShopBot] 检测到刷新确认弹窗，点击确认
[2026-05-09 21:08:39] [INFO] [ShopBot] 点击 (561, 501) @ REFRESH_CONFIRM
[2026-05-09 21:08:40] [INFO] [ShopBot] 等待货架加载...
[2026-05-09 21:08:42] [INFO] [ShopBot] ===== 第 10 轮 =====
[2026-05-09 21:08:42] [INFO] [ShopBot] 开始识别完整货架
[2026-05-09 21:08:42] [INFO] [ShopBot] 动态检测到 0 个物品行: []
[2026-05-09 21:08:42] [INFO] [ShopBot] 滑动 (640, 400) -> (640, 150), 时长 0.3s
[2026-05-09 21:08:42] [INFO] [ShopBot] ShopBot 收到停止请求，将在当前循环结束后停止
